Starting Apalache server on port 8822...
# Usage statistics is OFF. We care about your privacy.
# If you want to help our project, consider enabling statistics with config --enable-stats=true.

Output directory: ...\DecSaf\formal_verification\versions\01\interactive\_apalache-out\server\2026-08-24T17-48-55_18328304744046669236
# APALACHE version: v0.59.0-2-gfe7c1642a | build: v0.59.0-2-gfe7c1642a I@17:48:56.028
Starting checker server on port 8822...                           I@17:48:56.028
The Apalache server is running on port 8822. Press Ctrl-C to stop.
Running verification for "interactive_two_nodes.qnt" with arguments " --temporal pending_payload_is_eventually_acknowledged --out-itf output\liveness\pending_payload_is_eventually_acknowledged\20260824_174854.itf.json"...

 Error [QNT404]: Type alias 'PayloadId' not found

  at .../OneDrive - Info Support B.V/Documents/Master Thesis (obsidian)/thesis_repo/DecSaf/formal_verification/versions/01/#global/types/payload.qnt:16:20


 Error [QNT404]: Type alias 'Message' not found

  at .../OneDrive - Info Support B.V/Documents/Master Thesis (obsidian)/thesis_repo/DecSaf/formal_verification/versions/01/#global/types/payload.qnt:28:23


 Error [QNT404]: Type alias 'MessageId' not found

  at .../OneDrive - Info Support B.V/Documents/Master Thesis (obsidian)/thesis_repo/DecSaf/formal_verification/versions/01/#global/types/payload.qnt:19:19


 Error [QNT404]: Type alias 'MessageId' not found

  at .../OneDrive - Info Support B.V/Documents/Master Thesis (obsidian)/thesis_repo/DecSaf/formal_verification/versions/01/#global/types/payload.qnt:22:21


 Error [QNT404]: Type alias 'MessageId' not found

  at .../OneDrive - Info Support B.V/Documents/Master Thesis (obsidian)/thesis_repo/DecSaf/formal_verification/versions/01/#global/types/payload.qnt:25:23

error: name resolution failed
Auto-closing Apalache server on port 8822...
[FAIL]  exit 1
