[TLC] Compiling to TLA+ (via Apalache)...
# Usage statistics is OFF. We care about your privacy.
# If you want to help our project, consider enabling statistics with config --enable-stats=true.

Output directory: .../DecSaf/formal_verification/versions/01/batch/_apalache-out/server/2026-08-12T02-53-51_10181255639684499766
# APALACHE version: v0.59.0-2-gfe7c1642a | build: v0.59.0-2-gfe7c1642a I@02:53:52.040
Starting checker server on port 8822...                           I@02:53:52.045
The Apalache server is running on port 8822. Press Ctrl-C to stop.
Aug 12, 2026 2:53:57 AM com.google.protobuf.GeneratedMessage warnPre22Gencode
WARNING: Vulnerable protobuf generated type in use: io.grpc.reflection.v1alpha.ServerReflectionRequest
As of 2022/09/29 (release 21.7) makeExtensionsImmutable should not be called from protobuf gencode. If you are seeing this message, your gencode is vulnerable to a denial of service attack. You should regenerate your code using protobuf 25.6 or later. Use the latest version that meets your needs. However, if you understand the risks and wish to continue with vulnerable gencode, you can set the system property `-Dcom.google.protobuf.use_unsafe_pre22_gencode` on the command line to silence this warning. You also can set `-Dcom.google.protobuf.error_on_unsafe_pre22_gencode` to throw an error instead. See security vulnerability: https://github.com/protocolbuffers/protobuf/security/advisories/GHSA-h4h5-3hr4-j3g2
PASS #0: SanyParser                                               I@02:53:57.814
[TLC] Running TLC model checker...

TLC2 Version 2026.08.12.005359
Warning: Please run the Java VM, which executes TLC with a throughput optimized garbage collector, by passing the "-XX:+UseParallelGC" property.
(Use the -nowarning option to disable this warning.)
Running breadth-first search Model-Checking with fp 71 and seed 8314331547795484599 with 8 workers on 8 cores with 8192MB heap and 64MB offheap memory [pid: 586592] (Linux 6.6.87.2-microsoft-standard-WSL2 amd64, Ubuntu 21.0.11 64bit, MSBDiskFPSet, DiskStateQueue).
Parsing file <tmp>/quint-tlc-glqqox/batch.tla
Parsing file <tmp>/quint-tlc-glqqox/tlc-8939655975735322020/Integers.tla (jar:file:/~/.quint/apalache-dist-powsetfilter/apalache/lib/apalache.jar!/tla2sany/StandardModules/Integers.tla)
Parsing file <tmp>/quint-tlc-glqqox/tlc-8939655975735322020/Sequences.tla (jar:file:/~/.quint/apalache-dist-powsetfilter/apalache/lib/apalache.jar!/tla2sany/StandardModules/Sequences.tla)
Parsing file <tmp>/quint-tlc-glqqox/tlc-8939655975735322020/FiniteSets.tla (jar:file:/~/.quint/apalache-dist-powsetfilter/apalache/lib/apalache.jar!/tla2sany/StandardModules/FiniteSets.tla)
Parsing file <tmp>/quint-tlc-glqqox/tlc-8939655975735322020/TLC.tla (jar:file:/~/.quint/apalache-dist-powsetfilter/apalache/lib/apalache.jar!/tla2sany/StandardModules/TLC.tla)
Parsing file <tmp>/quint-tlc-glqqox/tlc-8939655975735322020/Apalache.tla (jar:file:/~/.quint/apalache-dist-powsetfilter/apalache/lib/apalache.jar!/tla2sany/StandardModules/Apalache.tla)
Parsing file <tmp>/quint-tlc-glqqox/tlc-8939655975735322020/Variants.tla (jar:file:/~/.quint/apalache-dist-powsetfilter/apalache/lib/apalache.jar!/tla2sany/StandardModules/Variants.tla)
Parsing file <tmp>/quint-tlc-glqqox/tlc-8939655975735322020/_TLCTrace.tla (jar:file:/~/.quint/apalache-dist-powsetfilter/apalache/lib/apalache.jar!/tla2sany/StandardModules/_TLCTrace.tla)
Parsing file <tmp>/quint-tlc-glqqox/tlc-8939655975735322020/Naturals.tla (jar:file:/~/.quint/apalache-dist-powsetfilter/apalache/lib/apalache.jar!/tla2sany/StandardModules/Naturals.tla)
Parsing file <tmp>/quint-tlc-glqqox/tlc-8939655975735322020/TLCExt.tla (jar:file:/~/.quint/apalache-dist-powsetfilter/apalache/lib/apalache.jar!/tla2sany/StandardModules/TLCExt.tla)
Semantic processing of module Naturals
Semantic processing of module Integers
Semantic processing of module Sequences
Semantic processing of module FiniteSets
Semantic processing of module TLC
Semantic processing of module Apalache
Semantic processing of module Variants
Semantic processing of module TLCExt
Semantic processing of module _TLCTrace
Semantic processing of module batch
Semantic errors:

*** Errors: 1

line 542, col 3 to line 550, col 54 of module batch

[] followed by action not of form [A]_v.


Starting... (2026-08-12 02:53:59)
Error: Parsing or semantic analysis failed.
Finished in 00s at (2026-08-12 02:53:59)

[failure] TLC encountered an error (967ms).
error: TLC error (see output above)
[FAIL]  exit 1
