# Usage statistics is OFF. We care about your privacy.
# If you want to help our project, consider enabling statistics with config --enable-stats=true.

Output directory: .../DecSaf/formal_verification/versions/01/batch/_apalache-out/server/2026-08-05T17-25-18_16586947370975374183
# APALACHE version: v0.59.0-2-gfe7c1642a | build: v0.59.0-2-gfe7c1642a I@17:25:19.008
Starting checker server on port 8822...                           I@17:25:19.013
The Apalache server is running on port 8822. Press Ctrl-C to stop.
Aug 05, 2026 5:25:25 PM com.google.protobuf.GeneratedMessage warnPre22Gencode
WARNING: Vulnerable protobuf generated type in use: io.grpc.reflection.v1alpha.ServerReflectionRequest
As of 2022/09/29 (release 21.7) makeExtensionsImmutable should not be called from protobuf gencode. If you are seeing this message, your gencode is vulnerable to a denial of service attack. You should regenerate your code using protobuf 25.6 or later. Use the latest version that meets your needs. However, if you understand the risks and wish to continue with vulnerable gencode, you can set the system property `-Dcom.google.protobuf.use_unsafe_pre22_gencode` on the command line to silence this warning. You also can set `-Dcom.google.protobuf.error_on_unsafe_pre22_gencode` to throw an error instead. See security vulnerability: https://github.com/protocolbuffers/protobuf/security/advisories/GHSA-h4h5-3hr4-j3g2
PASS #0: SanyParser                                               I@17:25:26.030
PASS #1: TypeCheckerSnowcat                                       I@17:25:26.953
 > Running Snowcat .::.                                           I@17:25:26.955
 > Your types are purrfect!                                       I@17:25:28.665
 > All expressions are typed                                      I@17:25:28.668
PASS #2: ConfigurationPass                                        I@17:25:28.670
  > Set the initialization predicate to q::init                   I@17:25:28.679
  > Set the transition predicate to q::step                       I@17:25:28.680
  > Set an invariant to q::inv                                    I@17:25:28.682
PASS #3: DesugarerPass                                            I@17:25:28.690
  > Desugaring...                                                 I@17:25:28.692
PASS #4: InlinePass                                               I@17:25:28.721
Leaving only relevant operators: CInitPrimed, q::init, q::initPrimed, q::inv, q::step I@17:25:28.728
PASS #5: TemporalPass                                             I@17:25:28.839
  > Rewriting temporal operators...                               I@17:25:28.840
  > No temporal property specified, nothing to encode             I@17:25:28.841
PASS #6: InlinePass                                               I@17:25:28.842
Leaving only relevant operators: CInitPrimed, q::init, q::initPrimed, q::inv, q::step I@17:25:28.844
PASS #7: PrimingPass                                              I@17:25:28.859
  > Introducing q::initPrimed for q::init'                        I@17:25:28.864
PASS #8: VCGen                                                    I@17:25:28.868
  > Producing verification conditions from the invariant q::inv   I@17:25:28.871
  > VCGen produced 1 verification condition(s)                    I@17:25:28.878
PASS #9: PreprocessingPass                                        I@17:25:28.883
  > Before preprocessing: unique renaming                         I@17:25:28.884
 > Applying standard transformations:                             I@17:25:28.897
  > PrimePropagation                                              I@17:25:28.899
  > Desugarer                                                     I@17:25:28.905
  > UniqueRenamer                                                 I@17:25:28.912
  > Normalizer                                                    I@17:25:28.920
  > SetMembershipSimplifier                                       I@17:25:28.933
  > Keramelizer                                                   I@17:25:28.941
  > After preprocessing: UniqueRenamer                            I@17:25:28.960
PASS #10: TransitionFinderPass                                    I@17:25:28.971
  > Found 1 initializing transitions                              I@17:25:28.990
  > Found 7 transitions                                           I@17:25:29.005
  > No constant initializer                                       I@17:25:29.006
  > Applying unique renaming                                      I@17:25:29.008
PASS #11: OptimizationPass                                        I@17:25:29.015
 > Applying optimizations:                                        I@17:25:29.021
  > ConstSimplifier                                               I@17:25:29.022
  > ExprOptimizer                                                 I@17:25:29.039
  > SetMembershipSimplifier                                       I@17:25:29.051
  > ConstSimplifier                                               I@17:25:29.054
PASS #12: AnalysisPass                                            I@17:25:29.075
 > Marking skolemizable existentials and sets to be expanded...   I@17:25:29.081
  > Skolemization                                                 I@17:25:29.084
  > Expansion                                                     I@17:25:29.087
  > Remove unused let-in defs                                     I@17:25:29.100
 > Running analyzers...                                           I@17:25:29.112
  > Introduced expression grades                                  I@17:25:29.121
PASS #13: BoundedChecker                                          I@17:25:29.134
State 0: Checking 1 state invariants                              I@17:25:30.128
State 0: state invariant 0 holds.                                 I@17:25:30.132
Step 0: picking a transition out of 1 transition(s)               I@17:25:30.139
Step 1: Transition #1 is disabled                                 I@17:25:30.393
Step 1: Transition #2 is disabled                                 I@17:25:30.417
Step 1: Transition #3 is disabled                                 I@17:25:30.566
Step 1: Transition #4 is disabled                                 I@17:25:30.596
Step 1: Transition #5 is disabled                                 I@17:25:30.645
Step 1: Transition #6 is disabled                                 I@17:25:30.772
Step 1: picking a transition out of 1 transition(s)               I@17:25:30.774
Step 2: Transition #2 is disabled                                 I@17:25:31.041
Step 2: Transition #3 is disabled                                 I@17:25:31.212
Step 2: Transition #4 is disabled                                 I@17:25:31.259
Step 2: Transition #5 is disabled                                 I@17:25:31.296
Step 2: Transition #6 is disabled                                 I@17:25:31.444
Step 2: picking a transition out of 2 transition(s)               I@17:25:31.446
Step 3: Transition #3 is disabled                                 I@17:25:32.043
Step 3: Transition #4 is disabled                                 I@17:25:32.140
Step 3: Transition #5 is disabled                                 I@17:25:32.181
Step 3: Transition #6 is disabled                                 I@17:25:32.479
Step 3: picking a transition out of 3 transition(s)               I@17:25:32.483
Step 4: Transition #6 is disabled                                 I@17:25:34.013
Step 4: picking a transition out of 6 transition(s)               I@17:25:34.019
Step 5: Transition #6 is disabled                                 I@17:25:36.590
Step 5: picking a transition out of 6 transition(s)               I@17:25:36.600
Step 6: picking a transition out of 7 transition(s)               I@17:25:42.964
Step 7: picking a transition out of 7 transition(s)               I@17:25:53.131
Step 8: picking a transition out of 7 transition(s)               I@17:26:23.020
Step 9: picking a transition out of 7 transition(s)               I@17:27:08.197
Step 10: picking a transition out of 7 transition(s)              I@17:28:39.092
The outcome is: NoError                                           I@17:28:40.019
[ok] No violation found (211912ms).
You may increase --max-steps.
Use --verbosity to produce more (or less) output.
