Starting Apalache server on port 8822...
# Usage statistics is OFF. We care about your privacy.
# If you want to help our project, consider enabling statistics with config --enable-stats=true.

Output directory: ...\DecSaf\formal_verification\versions\01\batch\_apalache-out\server\2026-08-05T19-14-35_5367057102507823797
# APALACHE version: v0.59.0-2-gfe7c1642a | build: v0.59.0-2-gfe7c1642a I@19:14:35.914
Starting checker server on port 8822...                           I@19:14:35.915
The Apalache server is running on port 8822. Press Ctrl-C to stop.
Running verification for "batch.qnt" with arguments " --invariant two_nodes_only --out-itf output\safety\two_nodes_only\20260805_191433.itf.json"...
aug 05, 2026 7:14:40 P.M. com.google.protobuf.GeneratedMessage warnPre22Gencode
WARNING: Vulnerable protobuf generated type in use: io.grpc.reflection.v1alpha.ServerReflectionRequest
As of 2022/09/29 (release 21.7) makeExtensionsImmutable should not be called from protobuf gencode. If you are seeing this message, your gencode is vulnerable to a denial of service attack. You should regenerate your code using protobuf 25.6 or later. Use the latest version that meets your needs. However, if you understand the risks and wish to continue with vulnerable gencode, you can set the system property `-Dcom.google.protobuf.use_unsafe_pre22_gencode` on the command line to silence this warning. You also can set `-Dcom.google.protobuf.error_on_unsafe_pre22_gencode` to throw an error instead. See security vulnerability: https://github.com/protocolbuffers/protobuf/security/advisories/GHSA-h4h5-3hr4-j3g2
PASS #0: SanyParser                                               I@19:14:41.178
PASS #1: TypeCheckerSnowcat                                       I@19:14:42.124
 > Running Snowcat .::.                                           I@19:14:42.125
 > Your types are purrfect!                                       I@19:14:44.057
 > All expressions are typed                                      I@19:14:44.057
PASS #2: ConfigurationPass                                        I@19:14:44.057
  > Set the initialization predicate to q::init                   I@19:14:44.068
  > Set the transition predicate to q::step                       I@19:14:44.068
  > Set an invariant to q::inv                                    I@19:14:44.068
PASS #3: DesugarerPass                                            I@19:14:44.068
  > Desugaring...                                                 I@19:14:44.068
PASS #4: InlinePass                                               I@19:14:44.099
Leaving only relevant operators: CInitPrimed, q::init, q::initPrimed, q::inv, q::step I@19:14:44.099
PASS #5: TemporalPass                                             I@19:14:44.256
  > Rewriting temporal operators...                               I@19:14:44.257
  > No temporal property specified, nothing to encode             I@19:14:44.257
PASS #6: InlinePass                                               I@19:14:44.257
Leaving only relevant operators: CInitPrimed, q::init, q::initPrimed, q::inv, q::step I@19:14:44.257
PASS #7: PrimingPass                                              I@19:14:44.268
  > Introducing q::initPrimed for q::init'                        I@19:14:44.276
PASS #8: VCGen                                                    I@19:14:44.279
  > Producing verification conditions from the invariant q::inv   I@19:14:44.279
  > VCGen produced 1 verification condition(s)                    I@19:14:44.302
PASS #9: PreprocessingPass                                        I@19:14:44.307
  > Before preprocessing: unique renaming                         I@19:14:44.307
 > Applying standard transformations:                             I@19:14:44.323
  > PrimePropagation                                              I@19:14:44.323
  > Desugarer                                                     I@19:14:44.325
  > UniqueRenamer                                                 I@19:14:44.330
  > Normalizer                                                    I@19:14:44.340
  > SetMembershipSimplifier                                       I@19:14:44.347
  > Keramelizer                                                   I@19:14:44.355
  > After preprocessing: UniqueRenamer                            I@19:14:44.376
PASS #10: TransitionFinderPass                                    I@19:14:44.387
  > Found 1 initializing transitions                              I@19:14:44.468
  > Found 7 transitions                                           I@19:14:44.497
  > No constant initializer                                       I@19:14:44.497
  > Applying unique renaming                                      I@19:14:44.497
PASS #11: OptimizationPass                                        I@19:14:44.513
 > Applying optimizations:                                        I@19:14:44.536
  > ConstSimplifier                                               I@19:14:44.544
  > ExprOptimizer                                                 I@19:14:44.559
  > SetMembershipSimplifier                                       I@19:14:44.591
  > ConstSimplifier                                               I@19:14:44.591
PASS #12: AnalysisPass                                            I@19:14:44.603
 > Marking skolemizable existentials and sets to be expanded...   I@19:14:44.623
  > Skolemization                                                 I@19:14:44.629
  > Expansion                                                     I@19:14:44.631
  > Remove unused let-in defs                                     I@19:14:44.638
 > Running analyzers...                                           I@19:14:44.653
  > Introduced expression grades                                  I@19:14:44.669
PASS #13: BoundedChecker                                          I@19:14:44.669
State 0: Checking 1 state invariants                              I@19:14:45.864
State 0: state invariant 0 holds.                                 I@19:14:45.864
Step 0: picking a transition out of 1 transition(s)               I@19:14:45.864
Step 1: Transition #1 is disabled                                 I@19:14:46.085
Step 1: Transition #2 is disabled                                 I@19:14:46.110
Step 1: Transition #3 is disabled                                 I@19:14:46.229
Step 1: Transition #4 is disabled                                 I@19:14:46.253
Step 1: Transition #5 is disabled                                 I@19:14:46.298
Step 1: Transition #6 is disabled                                 I@19:14:46.428
Step 1: picking a transition out of 1 transition(s)               I@19:14:46.428
Step 2: Transition #2 is disabled                                 I@19:14:46.652
Step 2: Transition #3 is disabled                                 I@19:14:46.773
Step 2: Transition #4 is disabled                                 I@19:14:46.808
Step 2: Transition #5 is disabled                                 I@19:14:46.839
Step 2: Transition #6 is disabled                                 I@19:14:46.959
Step 2: picking a transition out of 2 transition(s)               I@19:14:46.959
Step 3: Transition #3 is disabled                                 I@19:14:47.454
Step 3: Transition #4 is disabled                                 I@19:14:47.561
Step 3: Transition #5 is disabled                                 I@19:14:47.595
Step 3: Transition #6 is disabled                                 I@19:14:47.823
Step 3: picking a transition out of 3 transition(s)               I@19:14:47.825
Step 4: Transition #6 is disabled                                 I@19:14:48.872
Step 4: picking a transition out of 6 transition(s)               I@19:14:48.874
Step 5: Transition #6 is disabled                                 I@19:14:50.862
Step 5: picking a transition out of 6 transition(s)               I@19:14:50.866
Step 6: picking a transition out of 7 transition(s)               I@19:14:55.968
Step 7: picking a transition out of 7 transition(s)               I@19:15:03.498
Step 8: picking a transition out of 7 transition(s)               I@19:15:34.908
Step 9: picking a transition out of 7 transition(s)               I@19:15:56.088
Step 10: picking a transition out of 7 transition(s)              I@19:17:09.624
The outcome is: NoError                                           I@19:17:10.712
[ok] No violation found (150518ms).
You may increase --max-steps.
Use --verbosity to produce more (or less) output.
Auto-closing Apalache server on port 8822...
