# Usage statistics is OFF. We care about your privacy.
# If you want to help our project, consider enabling statistics with config --enable-stats=true.

Output directory: .../DecSaf/formal_verification/versions/01/batch/_apalache-out/server/2026-08-05T17-34-24_7686401047049561758
# APALACHE version: v0.59.0-2-gfe7c1642a | build: v0.59.0-2-gfe7c1642a I@17:34:24.785
Starting checker server on port 8822...                           I@17:34:24.790
The Apalache server is running on port 8822. Press Ctrl-C to stop.
Aug 05, 2026 5:34:34 PM com.google.protobuf.GeneratedMessage warnPre22Gencode
WARNING: Vulnerable protobuf generated type in use: io.grpc.reflection.v1alpha.ServerReflectionRequest
As of 2022/09/29 (release 21.7) makeExtensionsImmutable should not be called from protobuf gencode. If you are seeing this message, your gencode is vulnerable to a denial of service attack. You should regenerate your code using protobuf 25.6 or later. Use the latest version that meets your needs. However, if you understand the risks and wish to continue with vulnerable gencode, you can set the system property `-Dcom.google.protobuf.use_unsafe_pre22_gencode` on the command line to silence this warning. You also can set `-Dcom.google.protobuf.error_on_unsafe_pre22_gencode` to throw an error instead. See security vulnerability: https://github.com/protocolbuffers/protobuf/security/advisories/GHSA-h4h5-3hr4-j3g2
PASS #0: SanyParser                                               I@17:34:34.779
PASS #1: TypeCheckerSnowcat                                       I@17:34:35.409
 > Running Snowcat .::.                                           I@17:34:35.409
 > Your types are purrfect!                                       I@17:34:36.946
 > All expressions are typed                                      I@17:34:36.958
PASS #2: ConfigurationPass                                        I@17:34:36.962
  > Set the initialization predicate to q::init                   I@17:34:36.967
  > Set the transition predicate to q::step                       I@17:34:36.968
  > Set an invariant to q::inv                                    I@17:34:36.971
PASS #3: DesugarerPass                                            I@17:34:36.979
  > Desugaring...                                                 I@17:34:36.981
PASS #4: InlinePass                                               I@17:34:36.997
Leaving only relevant operators: CInitPrimed, q::init, q::initPrimed, q::inv, q::step I@17:34:36.998
PASS #5: TemporalPass                                             I@17:34:37.078
  > Rewriting temporal operators...                               I@17:34:37.079
  > No temporal property specified, nothing to encode             I@17:34:37.079
PASS #6: InlinePass                                               I@17:34:37.080
Leaving only relevant operators: CInitPrimed, q::init, q::initPrimed, q::inv, q::step I@17:34:37.081
PASS #7: PrimingPass                                              I@17:34:37.090
  > Introducing q::initPrimed for q::init'                        I@17:34:37.092
PASS #8: VCGen                                                    I@17:34:37.094
  > Producing verification conditions from the invariant q::inv   I@17:34:37.095
  > VCGen produced 1 verification condition(s)                    I@17:34:37.100
PASS #9: PreprocessingPass                                        I@17:34:37.103
  > Before preprocessing: unique renaming                         I@17:34:37.103
 > Applying standard transformations:                             I@17:34:37.110
  > PrimePropagation                                              I@17:34:37.111
  > Desugarer                                                     I@17:34:37.113
  > UniqueRenamer                                                 I@17:34:37.118
  > Normalizer                                                    I@17:34:37.124
  > SetMembershipSimplifier                                       I@17:34:37.130
  > Keramelizer                                                   I@17:34:37.137
  > After preprocessing: UniqueRenamer                            I@17:34:37.148
PASS #10: TransitionFinderPass                                    I@17:34:37.157
  > Found 1 initializing transitions                              I@17:34:37.175
  > Found 7 transitions                                           I@17:34:37.189
  > No constant initializer                                       I@17:34:37.191
  > Applying unique renaming                                      I@17:34:37.192
PASS #11: OptimizationPass                                        I@17:34:37.198
 > Applying optimizations:                                        I@17:34:37.204
  > ConstSimplifier                                               I@17:34:37.206
  > ExprOptimizer                                                 I@17:34:37.223
  > SetMembershipSimplifier                                       I@17:34:37.236
  > ConstSimplifier                                               I@17:34:37.239
PASS #12: AnalysisPass                                            I@17:34:37.252
 > Marking skolemizable existentials and sets to be expanded...   I@17:34:37.255
  > Skolemization                                                 I@17:34:37.256
  > Expansion                                                     I@17:34:37.258
  > Remove unused let-in defs                                     I@17:34:37.263
 > Running analyzers...                                           I@17:34:37.271
  > Introduced expression grades                                  I@17:34:37.275
PASS #13: BoundedChecker                                          I@17:34:37.277
State 0: Checking 1 state invariants                              I@17:34:38.179
State 0: state invariant 0 holds.                                 I@17:34:38.182
Step 0: picking a transition out of 1 transition(s)               I@17:34:38.188
Step 1: Transition #1 is disabled                                 I@17:34:38.384
Step 1: Transition #2 is disabled                                 I@17:34:38.406
Step 1: Transition #3 is disabled                                 I@17:34:38.532
Step 1: Transition #4 is disabled                                 I@17:34:38.562
Step 1: Transition #5 is disabled                                 I@17:34:38.609
Step 1: Transition #6 is disabled                                 I@17:34:38.737
Step 1: picking a transition out of 1 transition(s)               I@17:34:38.739
Step 2: Transition #2 is disabled                                 I@17:34:38.965
Step 2: Transition #3 is disabled                                 I@17:34:39.115
Step 2: Transition #4 is disabled                                 I@17:34:39.165
Step 2: Transition #5 is disabled                                 I@17:34:39.197
Step 2: Transition #6 is disabled                                 I@17:34:39.334
Step 2: picking a transition out of 2 transition(s)               I@17:34:39.337
Step 3: Transition #3 is disabled                                 I@17:34:39.861
Step 3: Transition #4 is disabled                                 I@17:34:39.947
Step 3: Transition #5 is disabled                                 I@17:34:39.988
Step 3: Transition #6 is disabled                                 I@17:34:40.243
Step 3: picking a transition out of 3 transition(s)               I@17:34:40.245
Step 4: Transition #6 is disabled                                 I@17:34:41.409
Step 4: picking a transition out of 6 transition(s)               I@17:34:41.413
Step 5: Transition #6 is disabled                                 I@17:34:43.789
Step 5: picking a transition out of 6 transition(s)               I@17:34:43.795
Step 6: picking a transition out of 7 transition(s)               I@17:34:48.514
Step 7: picking a transition out of 7 transition(s)               I@17:34:56.633
Step 8: picking a transition out of 7 transition(s)               I@17:35:16.916
Step 9: picking a transition out of 7 transition(s)               I@17:35:59.540
Step 10: picking a transition out of 7 transition(s)              I@17:37:15.176
The outcome is: NoError                                           I@17:37:16.122
[ok] No violation found (182017ms).
You may increase --max-steps.
Use --verbosity to produce more (or less) output.
