# Usage statistics is OFF. We care about your privacy.
# If you want to help our project, consider enabling statistics with config --enable-stats=true.

Output directory: .../DecSaf/formal_verification/versions/01/batch/_apalache-out/server/2026-08-05T17-45-00_2167256458211151175
# APALACHE version: v0.59.0-2-gfe7c1642a | build: v0.59.0-2-gfe7c1642a I@17:45:00.669
Starting checker server on port 8822...                           I@17:45:00.673
The Apalache server is running on port 8822. Press Ctrl-C to stop.
Aug 05, 2026 5:45:09 PM com.google.protobuf.GeneratedMessage warnPre22Gencode
WARNING: Vulnerable protobuf generated type in use: io.grpc.reflection.v1alpha.ServerReflectionRequest
As of 2022/09/29 (release 21.7) makeExtensionsImmutable should not be called from protobuf gencode. If you are seeing this message, your gencode is vulnerable to a denial of service attack. You should regenerate your code using protobuf 25.6 or later. Use the latest version that meets your needs. However, if you understand the risks and wish to continue with vulnerable gencode, you can set the system property `-Dcom.google.protobuf.use_unsafe_pre22_gencode` on the command line to silence this warning. You also can set `-Dcom.google.protobuf.error_on_unsafe_pre22_gencode` to throw an error instead. See security vulnerability: https://github.com/protocolbuffers/protobuf/security/advisories/GHSA-h4h5-3hr4-j3g2
PASS #0: SanyParser                                               I@17:45:09.587
PASS #1: TypeCheckerSnowcat                                       I@17:45:10.294
 > Running Snowcat .::.                                           I@17:45:10.295
 > Your types are purrfect!                                       I@17:45:11.860
 > All expressions are typed                                      I@17:45:11.861
PASS #2: ConfigurationPass                                        I@17:45:11.863
  > Set the initialization predicate to q::init                   I@17:45:11.867
  > Set the transition predicate to q::step                       I@17:45:11.868
  > Set an invariant to q::inv                                    I@17:45:11.869
PASS #3: DesugarerPass                                            I@17:45:11.875
  > Desugaring...                                                 I@17:45:11.875
PASS #4: InlinePass                                               I@17:45:11.893
Leaving only relevant operators: CInitPrimed, q::init, q::initPrimed, q::inv, q::step I@17:45:11.894
PASS #5: TemporalPass                                             I@17:45:11.984
  > Rewriting temporal operators...                               I@17:45:11.985
  > No temporal property specified, nothing to encode             I@17:45:11.986
PASS #6: InlinePass                                               I@17:45:11.987
Leaving only relevant operators: CInitPrimed, q::init, q::initPrimed, q::inv, q::step I@17:45:11.988
PASS #7: PrimingPass                                              I@17:45:11.997
  > Introducing q::initPrimed for q::init'                        I@17:45:12.001
PASS #8: VCGen                                                    I@17:45:12.003
  > Producing verification conditions from the invariant q::inv   I@17:45:12.004
  > VCGen produced 1 verification condition(s)                    I@17:45:12.009
PASS #9: PreprocessingPass                                        I@17:45:12.011
  > Before preprocessing: unique renaming                         I@17:45:12.012
 > Applying standard transformations:                             I@17:45:12.019
  > PrimePropagation                                              I@17:45:12.019
  > Desugarer                                                     I@17:45:12.023
  > UniqueRenamer                                                 I@17:45:12.027
  > Normalizer                                                    I@17:45:12.033
  > SetMembershipSimplifier                                       I@17:45:12.041
  > Keramelizer                                                   I@17:45:12.048
  > After preprocessing: UniqueRenamer                            I@17:45:12.062
PASS #10: TransitionFinderPass                                    I@17:45:12.074
  > Found 1 initializing transitions                              I@17:45:12.092
  > Found 7 transitions                                           I@17:45:12.107
  > No constant initializer                                       I@17:45:12.109
  > Applying unique renaming                                      I@17:45:12.111
PASS #11: OptimizationPass                                        I@17:45:12.120
 > Applying optimizations:                                        I@17:45:12.125
  > ConstSimplifier                                               I@17:45:12.127
  > ExprOptimizer                                                 I@17:45:12.143
  > SetMembershipSimplifier                                       I@17:45:12.154
  > ConstSimplifier                                               I@17:45:12.157
PASS #12: AnalysisPass                                            I@17:45:12.167
 > Marking skolemizable existentials and sets to be expanded...   I@17:45:12.170
  > Skolemization                                                 I@17:45:12.171
  > Expansion                                                     I@17:45:12.173
  > Remove unused let-in defs                                     I@17:45:12.177
 > Running analyzers...                                           I@17:45:12.182
  > Introduced expression grades                                  I@17:45:12.187
PASS #13: BoundedChecker                                          I@17:45:12.188
State 0: Checking 1 state invariants                              I@17:45:13.033
State 0: state invariant 0 holds.                                 I@17:45:13.036
Step 0: picking a transition out of 1 transition(s)               I@17:45:13.042
Step 1: Transition #1 is disabled                                 I@17:45:13.232
Step 1: Transition #2 is disabled                                 I@17:45:13.254
Step 1: Transition #3 is disabled                                 I@17:45:13.379
Step 1: Transition #4 is disabled                                 I@17:45:13.406
Step 1: Transition #5 is disabled                                 I@17:45:13.454
Step 1: Transition #6 is disabled                                 I@17:45:13.584
Step 1: picking a transition out of 1 transition(s)               I@17:45:13.589
Step 2: Transition #2 is disabled                                 I@17:45:13.809
Step 2: Transition #3 is disabled                                 I@17:45:13.966
Step 2: Transition #4 is disabled                                 I@17:45:14.013
Step 2: Transition #5 is disabled                                 I@17:45:14.050
Step 2: Transition #6 is disabled                                 I@17:45:14.180
Step 2: picking a transition out of 2 transition(s)               I@17:45:14.182
Step 3: Transition #3 is disabled                                 I@17:45:14.718
Step 3: Transition #4 is disabled                                 I@17:45:14.813
Step 3: Transition #5 is disabled                                 I@17:45:14.847
Step 3: Transition #6 is disabled                                 I@17:45:15.098
Step 3: picking a transition out of 3 transition(s)               I@17:45:15.101
Step 4: Transition #6 is disabled                                 I@17:45:16.297
Step 4: picking a transition out of 6 transition(s)               I@17:45:16.300
Step 5: Transition #6 is disabled                                 I@17:45:18.335
Step 5: picking a transition out of 6 transition(s)               I@17:45:18.343
Step 6: picking a transition out of 7 transition(s)               I@17:45:23.074
Step 7: picking a transition out of 7 transition(s)               I@17:45:31.978
Step 8: picking a transition out of 7 transition(s)               I@17:45:48.003
Step 9: picking a transition out of 7 transition(s)               I@17:46:30.649
Step 10: picking a transition out of 7 transition(s)              I@17:47:30.448
The outcome is: NoError                                           I@17:47:31.304
[ok] No violation found (161590ms).
You may increase --max-steps.
Use --verbosity to produce more (or less) output.
