Starting Apalache server on port 8822...
# Usage statistics is OFF. We care about your privacy.
# If you want to help our project, consider enabling statistics with config --enable-stats=true.

Output directory: ...\DecSaf\formal_verification\versions\01\interactive\_apalache-out\server\2026-08-24T19-40-39_15426289411143332861
# APALACHE version: v0.59.0-2-gfe7c1642a | build: v0.59.0-2-gfe7c1642a I@19:40:39.959
Starting checker server on port 8822...                           I@19:40:39.959
The Apalache server is running on port 8822. Press Ctrl-C to stop.
Running verification for "interactive_two_nodes.qnt" with arguments " --temporal fair_receive_messages_payload --out-itf output\liveness\fair_receive_messages_payload\20260824_194037.itf.json --backend tlc"...

 Error [QNT404]: Type alias 'PayloadId' not found

  at .../OneDrive - Info Support B.V/Documents/Master Thesis (obsidian)/thesis_repo/DecSaf/formal_verification/versions/01/#global/types/payload.qnt:16:20


 Error [QNT404]: Type alias 'Message' not found

  at .../OneDrive - Info Support B.V/Documents/Master Thesis (obsidian)/thesis_repo/DecSaf/formal_verification/versions/01/#global/types/payload.qnt:28:23


 Error [QNT404]: Type alias 'MessageId' not found

  at .../OneDrive - Info Support B.V/Documents/Master Thesis (obsidian)/thesis_repo/DecSaf/formal_verification/versions/01/#global/types/payload.qnt:19:19


 Error [QNT404]: Type alias 'MessageId' not found

  at .../OneDrive - Info Support B.V/Documents/Master Thesis (obsidian)/thesis_repo/DecSaf/formal_verification/versions/01/#global/types/payload.qnt:22:21


 Error [QNT404]: Type alias 'MessageId' not found

  at .../OneDrive - Info Support B.V/Documents/Master Thesis (obsidian)/thesis_repo/DecSaf/formal_verification/versions/01/#global/types/payload.qnt:25:23

error: name resolution failed
Auto-closing Apalache server on port 8822...
[FAIL]  exit 1
