Starting Apalache server on port 8822...
# Usage statistics is OFF. We care about your privacy.
# If you want to help our project, consider enabling statistics with config --enable-stats=true.

Output directory: ...\DecSaf\formal_verification\versions\01\batch\_apalache-out\server\2026-08-09T02-16-44_8541711841522932420
# APALACHE version: v0.59.0-2-gfe7c1642a | build: v0.59.0-2-gfe7c1642a I@02:16:44.094
Starting checker server on port 8822...                           I@02:16:44.094
The Apalache server is running on port 8822. Press Ctrl-C to stop.
Running verification for "batch.qnt" with arguments " --temporal fair_receive_ack_payload --out-itf output\liveness\fair_receive_ack_payload\20260809_021642.itf.json --backend tlc"...
[TLC] Compiling to TLA+ (via Apalache)...
aug 09, 2026 2:16:46 A.M. com.google.protobuf.GeneratedMessage warnPre22Gencode
WARNING: Vulnerable protobuf generated type in use: io.grpc.reflection.v1alpha.ServerReflectionRequest
As of 2022/09/29 (release 21.7) makeExtensionsImmutable should not be called from protobuf gencode. If you are seeing this message, your gencode is vulnerable to a denial of service attack. You should regenerate your code using protobuf 25.6 or later. Use the latest version that meets your needs. However, if you understand the risks and wish to continue with vulnerable gencode, you can set the system property `-Dcom.google.protobuf.use_unsafe_pre22_gencode` on the command line to silence this warning. You also can set `-Dcom.google.protobuf.error_on_unsafe_pre22_gencode` to throw an error instead. See security vulnerability: https://github.com/protocolbuffers/protobuf/security/advisories/GHSA-h4h5-3hr4-j3g2
PASS #0: SanyParser                                               I@02:16:47.268
[TLC] Running TLC model checker...

TLC2 Version 2026.08.09.001648
Warning: Please run the Java VM, which executes TLC with a throughput optimized garbage collector, by passing the "-XX:+UseParallelGC" property.
(Use the -nowarning option to disable this warning.)
Running breadth-first search Model-Checking with fp 33 and seed 3400604338699572629 with 20 workers on 20 cores with 8192MB heap and 64MB offheap memory [pid: 30028] (Windows 11 10.0 amd64, Microsoft 21.0.11 64bit, MSBDiskFPSet, DiskStateQueue).
Parsing file <tmp>\quint-tlc-co2wdd\batch.tla
Parsing file <tmp>\tlc-16663498457399046250\Integers.tla (jar:file:/.../.quint/apalache-dist-powsetfilter/apalache/lib/apalache.jar!/tla2sany/StandardModules/Integers.tla)
Parsing file <tmp>\tlc-16663498457399046250\Sequences.tla (jar:file:/.../.quint/apalache-dist-powsetfilter/apalache/lib/apalache.jar!/tla2sany/StandardModules/Sequences.tla)
Parsing file <tmp>\tlc-16663498457399046250\FiniteSets.tla (jar:file:/.../.quint/apalache-dist-powsetfilter/apalache/lib/apalache.jar!/tla2sany/StandardModules/FiniteSets.tla)
Parsing file <tmp>\tlc-16663498457399046250\TLC.tla (jar:file:/.../.quint/apalache-dist-powsetfilter/apalache/lib/apalache.jar!/tla2sany/StandardModules/TLC.tla)
Parsing file <tmp>\tlc-16663498457399046250\Apalache.tla (jar:file:/.../.quint/apalache-dist-powsetfilter/apalache/lib/apalache.jar!/tla2sany/StandardModules/Apalache.tla)
Parsing file <tmp>\tlc-16663498457399046250\Variants.tla (jar:file:/.../.quint/apalache-dist-powsetfilter/apalache/lib/apalache.jar!/tla2sany/StandardModules/Variants.tla)
Parsing file <tmp>\tlc-16663498457399046250\_TLCTrace.tla (jar:file:/.../.quint/apalache-dist-powsetfilter/apalache/lib/apalache.jar!/tla2sany/StandardModules/_TLCTrace.tla)
Parsing file <tmp>\tlc-16663498457399046250\Naturals.tla (jar:file:/.../.quint/apalache-dist-powsetfilter/apalache/lib/apalache.jar!/tla2sany/StandardModules/Naturals.tla)
Parsing file <tmp>\tlc-16663498457399046250\TLCExt.tla (jar:file:/.../.quint/apalache-dist-powsetfilter/apalache/lib/apalache.jar!/tla2sany/StandardModules/TLCExt.tla)
Semantic processing of module Naturals
Semantic processing of module Integers
Semantic processing of module Sequences
Semantic processing of module FiniteSets
Semantic processing of module TLC
Semantic processing of module Apalache
Semantic processing of module Variants
Semantic processing of module TLCExt
Semantic processing of module _TLCTrace
Semantic processing of module batch
Linting of module Apalache
Linting of module Variants
Linting of module TLCExt
Linting of module _TLCTrace
Linting of module batch
Starting... (2026-08-09 02:16:48)
Implied-temporal checking--satisfiability problem has 1 branches.
Computing initial states...
Finished computing initial states: 1 distinct state generated at 2026-08-09 02:16:49.
Progress(1) at 2026-08-09 02:16:49: 3 states generated, 1 distinct states found, 0 states left on queue.
Checking temporal properties for the complete state space with 1 total distinct states at (2026-08-09 02:16:49)
Finished checking temporal properties in 00s at 2026-08-09 02:16:49
Model checking completed. No error has been found.
  Estimates of the probability that TLC did not check all reachable states
  because two distinct states had the same fingerprint:
  calculated (optimistic):  val = 1.1E-19
3 states generated, 1 distinct states found, 0 states left on queue.
The depth of the complete state graph search is 1.
The average outdegree of the complete state graph is 0 (minimum is 0, the maximum 0 and the 95th percentile is 0).
Finished in 00s at (2026-08-09 02:16:49)

[ok] No violation found (1446ms).
Auto-closing Apalache server on port 8822...
