Starting Apalache server on port 8822...
# Usage statistics is OFF. We care about your privacy.
# If you want to help our project, consider enabling statistics with config --enable-stats=true.

Output directory: ...\DecSaf\formal_verification\versions\01\batch\_apalache-out\server\2026-08-05T19-17-13_16910183075294288949
# APALACHE version: v0.59.0-2-gfe7c1642a | build: v0.59.0-2-gfe7c1642a I@19:17:13.938
Starting checker server on port 8822...                           I@19:17:13.938
The Apalache server is running on port 8822. Press Ctrl-C to stop.
Running verification for "batch.qnt" with arguments " --invariant no_self_receiver_nodeState --out-itf output\safety\no_self_receiver_nodeState\20260805_191711.itf.json"...
aug 05, 2026 7:17:17 P.M. com.google.protobuf.GeneratedMessage warnPre22Gencode
WARNING: Vulnerable protobuf generated type in use: io.grpc.reflection.v1alpha.ServerReflectionRequest
As of 2022/09/29 (release 21.7) makeExtensionsImmutable should not be called from protobuf gencode. If you are seeing this message, your gencode is vulnerable to a denial of service attack. You should regenerate your code using protobuf 25.6 or later. Use the latest version that meets your needs. However, if you understand the risks and wish to continue with vulnerable gencode, you can set the system property `-Dcom.google.protobuf.use_unsafe_pre22_gencode` on the command line to silence this warning. You also can set `-Dcom.google.protobuf.error_on_unsafe_pre22_gencode` to throw an error instead. See security vulnerability: https://github.com/protocolbuffers/protobuf/security/advisories/GHSA-h4h5-3hr4-j3g2
PASS #0: SanyParser                                               I@19:17:17.907
PASS #1: TypeCheckerSnowcat                                       I@19:17:19.100
 > Running Snowcat .::.                                           I@19:17:19.100
 > Your types are purrfect!                                       I@19:17:21.538
 > All expressions are typed                                      I@19:17:21.538
PASS #2: ConfigurationPass                                        I@19:17:21.538
  > Set the initialization predicate to q::init                   I@19:17:21.554
  > Set the transition predicate to q::step                       I@19:17:21.554
  > Set an invariant to q::inv                                    I@19:17:21.554
PASS #3: DesugarerPass                                            I@19:17:21.554
  > Desugaring...                                                 I@19:17:21.554
PASS #4: InlinePass                                               I@19:17:21.592
Leaving only relevant operators: CInitPrimed, q::init, q::initPrimed, q::inv, q::step I@19:17:21.592
PASS #5: TemporalPass                                             I@19:17:21.727
  > Rewriting temporal operators...                               I@19:17:21.727
  > No temporal property specified, nothing to encode             I@19:17:21.727
PASS #6: InlinePass                                               I@19:17:21.727
Leaving only relevant operators: CInitPrimed, q::init, q::initPrimed, q::inv, q::step I@19:17:21.727
PASS #7: PrimingPass                                              I@19:17:21.743
  > Introducing q::initPrimed for q::init'                        I@19:17:21.743
PASS #8: VCGen                                                    I@19:17:21.758
  > Producing verification conditions from the invariant q::inv   I@19:17:21.758
  > VCGen produced 3 verification condition(s)                    I@19:17:21.790
PASS #9: PreprocessingPass                                        I@19:17:21.793
  > Before preprocessing: unique renaming                         I@19:17:21.793
 > Applying standard transformations:                             I@19:17:21.837
  > PrimePropagation                                              I@19:17:21.837
  > Desugarer                                                     I@19:17:21.837
  > UniqueRenamer                                                 I@19:17:21.837
  > Normalizer                                                    I@19:17:21.853
  > SetMembershipSimplifier                                       I@19:17:21.868
  > Keramelizer                                                   I@19:17:21.884
  > After preprocessing: UniqueRenamer                            I@19:17:21.900
PASS #10: TransitionFinderPass                                    I@19:17:21.916
  > Found 1 initializing transitions                              I@19:17:22.010
  > Found 7 transitions                                           I@19:17:22.026
  > No constant initializer                                       I@19:17:22.026
  > Applying unique renaming                                      I@19:17:22.041
PASS #11: OptimizationPass                                        I@19:17:22.057
 > Applying optimizations:                                        I@19:17:22.077
  > ConstSimplifier                                               I@19:17:22.089
  > ExprOptimizer                                                 I@19:17:22.104
  > SetMembershipSimplifier                                       I@19:17:22.120
  > ConstSimplifier                                               I@19:17:22.120
PASS #12: AnalysisPass                                            I@19:17:22.136
 > Marking skolemizable existentials and sets to be expanded...   I@19:17:22.167
  > Skolemization                                                 I@19:17:22.177
  > Expansion                                                     I@19:17:22.177
  > Remove unused let-in defs                                     I@19:17:22.183
 > Running analyzers...                                           I@19:17:22.214
  > Introduced expression grades                                  I@19:17:22.231
PASS #13: BoundedChecker                                          I@19:17:22.231
State 0: Checking 3 state invariants                              I@19:17:23.693
State 0: state invariant 0 holds.                                 I@19:17:23.740
State 0: state invariant 1 holds.                                 I@19:17:23.779
State 0: state invariant 2 holds.                                 I@19:17:23.819
Step 0: picking a transition out of 1 transition(s)               I@19:17:23.819
Step 1: Transition #1 is disabled                                 I@19:17:24.091
Step 1: Transition #2 is disabled                                 I@19:17:24.144
Step 1: Transition #3 is disabled                                 I@19:17:24.338
Step 1: Transition #4 is disabled                                 I@19:17:24.370
Step 1: Transition #5 is disabled                                 I@19:17:24.417
Step 1: Transition #6 is disabled                                 I@19:17:24.575
Step 1: picking a transition out of 1 transition(s)               I@19:17:24.575
Step 2: Transition #2 is disabled                                 I@19:17:24.820
Step 2: Transition #3 is disabled                                 I@19:17:24.980
Step 2: Transition #4 is disabled                                 I@19:17:25.041
Step 2: Transition #5 is disabled                                 I@19:17:25.066
Step 2: Transition #6 is disabled                                 I@19:17:25.289
Step 2: picking a transition out of 2 transition(s)               I@19:17:25.291
Step 3: Transition #3 is disabled                                 I@19:17:25.759
Step 3: Transition #4 is disabled                                 I@19:17:25.854
Step 3: Transition #5 is disabled                                 I@19:17:25.886
Step 3: Transition #6 is disabled                                 I@19:17:26.095
Step 3: picking a transition out of 3 transition(s)               I@19:17:26.098
State 4: Checking 3 state invariants                              I@19:17:26.616
State 4: state invariant 0 holds.                                 I@19:17:26.648
State 4: state invariant 1 holds.                                 I@19:17:26.652
State 4: state invariant 2 holds.                                 I@19:17:26.665
Step 4: Transition #6 is disabled                                 I@19:17:27.197
Step 4: picking a transition out of 6 transition(s)               I@19:17:27.206
State 5: Checking 3 state invariants                              I@19:17:28.229
State 5: state invariant 0 holds.                                 I@19:17:28.287
State 5: state invariant 1 holds.                                 I@19:17:28.301
State 5: state invariant 2 holds.                                 I@19:17:28.303
Step 5: Transition #6 is disabled                                 I@19:17:29.365
Step 5: picking a transition out of 6 transition(s)               I@19:17:29.380
State 6: Checking 3 state invariants                              I@19:17:31.255
State 6: state invariant 0 holds.                                 I@19:17:31.518
State 6: state invariant 1 holds.                                 I@19:17:31.533
State 6: state invariant 2 holds.                                 I@19:17:31.556
State 6: Checking 3 state invariants                              I@19:17:36.087
State 6: state invariant 0 holds.                                 I@19:17:36.265
State 6: state invariant 1 holds.                                 I@19:17:36.278
State 6: state invariant 2 holds.                                 I@19:17:36.291
Step 6: picking a transition out of 7 transition(s)               I@19:17:36.297
State 7: Checking 3 state invariants                              I@19:17:41.606
State 7: state invariant 0 holds.                                 I@19:17:42.584
State 7: state invariant 1 holds.                                 I@19:17:42.605
State 7: state invariant 2 holds.                                 I@19:17:42.623
State 7: Checking 3 state invariants                              I@19:17:46.764
State 7: state invariant 0 holds.                                 I@19:17:49.288
State 7: state invariant 1 holds.                                 I@19:17:49.306
State 7: state invariant 2 holds.                                 I@19:17:49.316
Step 7: picking a transition out of 7 transition(s)               I@19:17:49.326
State 8: Checking 3 state invariants                              I@19:18:04.396
State 8: state invariant 0 holds.                                 I@19:18:05.998
State 8: state invariant 1 holds.                                 I@19:18:06.018
State 8: state invariant 2 holds.                                 I@19:18:06.029
State 8: Checking 3 state invariants                              I@19:18:18.552
State 8: state invariant 0 holds.                                 I@19:18:21.966
State 8: state invariant 1 holds.                                 I@19:18:21.994
State 8: state invariant 2 holds.                                 I@19:18:22.009
Step 8: picking a transition out of 7 transition(s)               I@19:18:22.020
State 9: Checking 3 state invariants                              I@19:18:37.786
State 9: state invariant 0 holds.                                 I@19:18:41.910
State 9: state invariant 1 holds.                                 I@19:18:41.928
State 9: state invariant 2 holds.                                 I@19:18:41.949
State 9: Checking 3 state invariants                              I@19:19:13.728
State 9: state invariant 0 holds.                                 I@19:19:20.767
State 9: state invariant 1 holds.                                 I@19:19:20.791
State 9: state invariant 2 holds.                                 I@19:19:20.809
Step 9: picking a transition out of 7 transition(s)               I@19:19:20.826
State 10: Checking 3 state invariants                             I@19:19:58.918
State 10: state invariant 0 holds.                                I@19:20:04.871
State 10: state invariant 1 holds.                                I@19:20:04.891
State 10: state invariant 2 holds.                                I@19:20:04.907
State 10: Checking 3 state invariants                             I@19:21:01.715
State 10: state invariant 0 holds.                                I@19:21:21.337
State 10: state invariant 1 holds.                                I@19:21:21.368
State 10: state invariant 2 holds.                                I@19:21:21.390
Step 10: picking a transition out of 7 transition(s)              I@19:21:21.409
The outcome is: NoError                                           I@19:21:22.356
[ok] No violation found (245672ms).
You may increase --max-steps.
Use --verbosity to produce more (or less) output.
Auto-closing Apalache server on port 8822...
