An example execution:

[State 0]
{
  messageStore:
    Map(
      "Alice" ->
        Set(
          {
            body: "Medic available at checkpoint",
            groupId: "group-charlie",
            messageId:
              "2700c2ae2062a6b61de69659da7cb274c61237d2bca13ab2c9d732835ba71541",
            timestamp: 1751966400
          },
          {
            body: "Offer: 2L water near station",
            groupId: "group-alpha",
            messageId:
              "12ab508965277ba7190d0833e0659ceae8a051cdedf21478cfa8eb785481e98c",
            timestamp: 1751966400
          }
        ),
      "Bob" ->
        Set(
          {
            body: "Need insulin at shelter A",
            groupId: "group-alpha",
            messageId:
              "741a51061e3b8351670ec7af7b1040710cb8adb4e34ef9528c1bc1f311cc9f75",
            timestamp: 1751966400
          },
          {
            body: "Offer: 2L water near station",
            groupId: "group-alpha",
            messageId:
              "12ab508965277ba7190d0833e0659ceae8a051cdedf21478cfa8eb785481e98c",
            timestamp: 1751966400
          }
        )
    ),
  nodeState:
    Map(
      "Alice" ->
        Map(
          "Alice" -> { messages: Set(), offers: Set(), requests: Set() },
          "Bob" ->
            {
              messages:
                Set(
                  {
                    body: "Medic available at checkpoint",
                    groupId: "group-charlie",
                    messageId:
                      "2700c2ae2062a6b61de69659da7cb274c61237d2bca13ab2c9d732835ba71541",
                    timestamp: 1751966400
                  },
                  {
                    body: "Offer: 2L water near station",
                    groupId: "group-alpha",
                    messageId:
                      "12ab508965277ba7190d0833e0659ceae8a051cdedf21478cfa8eb785481e98c",
                    timestamp: 1751966400
                  }
                ),
              offers: Set(),
              requests: Set()
            }
        ),
      "Bob" ->
        Map(
          "Alice" ->
            {
              messages:
                Set(
                  {
                    body: "Need insulin at shelter A",
                    groupId: "group-alpha",
                    messageId:
                      "741a51061e3b8351670ec7af7b1040710cb8adb4e34ef9528c1bc1f311cc9f75",
                    timestamp: 1751966400
                  },
                  {
                    body: "Offer: 2L water near station",
                    groupId: "group-alpha",
                    messageId:
                      "12ab508965277ba7190d0833e0659ceae8a051cdedf21478cfa8eb785481e98c",
                    timestamp: 1751966400
                  }
                ),
              offers: Set(),
              requests: Set()
            },
          "Bob" -> { messages: Set(), offers: Set(), requests: Set() }
        )
    ),
  payloadExchangeState:
    Map(
      "Alice" ->
        Map(
          "Alice" ->
            { ackDetermined: false, messagesStored: false, phase: Idle },
          "Bob" -> { ackDetermined: false, messagesStored: false, phase: Idle }
        ),
      "Bob" ->
        Map(
          "Alice" ->
            { ackDetermined: false, messagesStored: false, phase: Idle },
          "Bob" -> { ackDetermined: false, messagesStored: false, phase: Idle }
        )
    ),
  payloadState:
    Map(
      "Alice" ->
        Map(
          "Alice" ->
            {
              acks: Set(),
              messages: Set(),
              offers: Set(),
              payloadId: 0,
              requests: Set()
            },
          "Bob" ->
            {
              acks: Set(),
              messages: Set(),
              offers: Set(),
              payloadId: 0,
              requests: Set()
            }
        ),
      "Bob" ->
        Map(
          "Alice" ->
            {
              acks: Set(),
              messages: Set(),
              offers: Set(),
              payloadId: 0,
              requests: Set()
            },
          "Bob" ->
            {
              acks: Set(),
              messages: Set(),
              offers: Set(),
              payloadId: 0,
              requests: Set()
            }
        )
    )
}

[State 1]
{
  messageStore:
    Map(
      "Alice" ->
        Set(
          {
            body: "Medic available at checkpoint",
            groupId: "group-charlie",
            messageId:
              "2700c2ae2062a6b61de69659da7cb274c61237d2bca13ab2c9d732835ba71541",
            timestamp: 1751966400
          },
          {
            body: "Offer: 2L water near station",
            groupId: "group-alpha",
            messageId:
              "12ab508965277ba7190d0833e0659ceae8a051cdedf21478cfa8eb785481e98c",
            timestamp: 1751966400
          }
        ),
      "Bob" ->
        Set(
          {
            body: "Need insulin at shelter A",
            groupId: "group-alpha",
            messageId:
              "741a51061e3b8351670ec7af7b1040710cb8adb4e34ef9528c1bc1f311cc9f75",
            timestamp: 1751966400
          },
          {
            body: "Offer: 2L water near station",
            groupId: "group-alpha",
            messageId:
              "12ab508965277ba7190d0833e0659ceae8a051cdedf21478cfa8eb785481e98c",
            timestamp: 1751966400
          }
        )
    ),
  nodeState:
    Map(
      "Alice" ->
        Map(
          "Alice" -> { messages: Set(), offers: Set(), requests: Set() },
          "Bob" ->
            {
              messages:
                Set(
                  {
                    body: "Medic available at checkpoint",
                    groupId: "group-charlie",
                    messageId:
                      "2700c2ae2062a6b61de69659da7cb274c61237d2bca13ab2c9d732835ba71541",
                    timestamp: 1751966400
                  },
                  {
                    body: "Offer: 2L water near station",
                    groupId: "group-alpha",
                    messageId:
                      "12ab508965277ba7190d0833e0659ceae8a051cdedf21478cfa8eb785481e98c",
                    timestamp: 1751966400
                  }
                ),
              offers: Set(),
              requests: Set()
            }
        ),
      "Bob" ->
        Map(
          "Alice" ->
            {
              messages:
                Set(
                  {
                    body: "Need insulin at shelter A",
                    groupId: "group-alpha",
                    messageId:
                      "741a51061e3b8351670ec7af7b1040710cb8adb4e34ef9528c1bc1f311cc9f75",
                    timestamp: 1751966400
                  },
                  {
                    body: "Offer: 2L water near station",
                    groupId: "group-alpha",
                    messageId:
                      "12ab508965277ba7190d0833e0659ceae8a051cdedf21478cfa8eb785481e98c",
                    timestamp: 1751966400
                  }
                ),
              offers: Set(),
              requests: Set()
            },
          "Bob" -> { messages: Set(), offers: Set(), requests: Set() }
        )
    ),
  payloadExchangeState:
    Map(
      "Alice" ->
        Map(
          "Alice" ->
            { ackDetermined: false, messagesStored: false, phase: Idle },
          "Bob" -> { ackDetermined: false, messagesStored: false, phase: Idle }
        ),
      "Bob" ->
        Map(
          "Alice" ->
            { ackDetermined: false, messagesStored: false, phase: Idle },
          "Bob" -> { ackDetermined: false, messagesStored: false, phase: Idle }
        )
    ),
  payloadState:
    Map(
      "Alice" ->
        Map(
          "Alice" ->
            {
              acks: Set(),
              messages: Set(),
              offers: Set(),
              payloadId: 0,
              requests: Set()
            },
          "Bob" ->
            {
              acks: Set(),
              messages: Set(),
              offers: Set(),
              payloadId: 0,
              requests: Set()
            }
        ),
      "Bob" ->
        Map(
          "Alice" ->
            {
              acks: Set(),
              messages: Set(),
              offers: Set(),
              payloadId: 0,
              requests: Set()
            },
          "Bob" ->
            {
              acks: Set(),
              messages: Set(),
              offers: Set(),
              payloadId: 0,
              requests: Set()
            }
        )
    )
}

[State 2]
{
  messageStore:
    Map(
      "Alice" ->
        Set(
          {
            body: "Medic available at checkpoint",
            groupId: "group-charlie",
            messageId:
              "2700c2ae2062a6b61de69659da7cb274c61237d2bca13ab2c9d732835ba71541",
            timestamp: 1751966400
          },
          {
            body: "Offer: 2L water near station",
            groupId: "group-alpha",
            messageId:
              "12ab508965277ba7190d0833e0659ceae8a051cdedf21478cfa8eb785481e98c",
            timestamp: 1751966400
          }
        ),
      "Bob" ->
        Set(
          {
            body: "Need insulin at shelter A",
            groupId: "group-alpha",
            messageId:
              "741a51061e3b8351670ec7af7b1040710cb8adb4e34ef9528c1bc1f311cc9f75",
            timestamp: 1751966400
          },
          {
            body: "Offer: 2L water near station",
            groupId: "group-alpha",
            messageId:
              "12ab508965277ba7190d0833e0659ceae8a051cdedf21478cfa8eb785481e98c",
            timestamp: 1751966400
          }
        )
    ),
  nodeState:
    Map(
      "Alice" ->
        Map(
          "Alice" -> { messages: Set(), offers: Set(), requests: Set() },
          "Bob" ->
            {
              messages:
                Set(
                  {
                    body: "Medic available at checkpoint",
                    groupId: "group-charlie",
                    messageId:
                      "2700c2ae2062a6b61de69659da7cb274c61237d2bca13ab2c9d732835ba71541",
                    timestamp: 1751966400
                  },
                  {
                    body: "Offer: 2L water near station",
                    groupId: "group-alpha",
                    messageId:
                      "12ab508965277ba7190d0833e0659ceae8a051cdedf21478cfa8eb785481e98c",
                    timestamp: 1751966400
                  }
                ),
              offers: Set(),
              requests: Set()
            }
        ),
      "Bob" ->
        Map(
          "Alice" ->
            {
              messages:
                Set(
                  {
                    body: "Need insulin at shelter A",
                    groupId: "group-alpha",
                    messageId:
                      "741a51061e3b8351670ec7af7b1040710cb8adb4e34ef9528c1bc1f311cc9f75",
                    timestamp: 1751966400
                  },
                  {
                    body: "Offer: 2L water near station",
                    groupId: "group-alpha",
                    messageId:
                      "12ab508965277ba7190d0833e0659ceae8a051cdedf21478cfa8eb785481e98c",
                    timestamp: 1751966400
                  }
                ),
              offers: Set(),
              requests: Set()
            },
          "Bob" -> { messages: Set(), offers: Set(), requests: Set() }
        )
    ),
  payloadExchangeState:
    Map(
      "Alice" ->
        Map(
          "Alice" ->
            { ackDetermined: false, messagesStored: false, phase: Idle },
          "Bob" ->
            {
              ackDetermined: false,
              messagesStored: false,
              phase: MessagesAdded
            }
        ),
      "Bob" ->
        Map(
          "Alice" ->
            { ackDetermined: false, messagesStored: false, phase: Idle },
          "Bob" -> { ackDetermined: false, messagesStored: false, phase: Idle }
        )
    ),
  payloadState:
    Map(
      "Alice" ->
        Map(
          "Alice" ->
            {
              acks: Set(),
              messages: Set(),
              offers: Set(),
              payloadId: 0,
              requests: Set()
            },
          "Bob" ->
            {
              acks: Set(),
              messages:
                Set(
                  {
                    body: "Medic available at checkpoint",
                    groupId: "group-charlie",
                    messageId:
                      "2700c2ae2062a6b61de69659da7cb274c61237d2bca13ab2c9d732835ba71541",
                    timestamp: 1751966400
                  },
                  {
                    body: "Offer: 2L water near station",
                    groupId: "group-alpha",
                    messageId:
                      "12ab508965277ba7190d0833e0659ceae8a051cdedf21478cfa8eb785481e98c",
                    timestamp: 1751966400
                  }
                ),
              offers: Set(),
              payloadId: 0,
              requests: Set()
            }
        ),
      "Bob" ->
        Map(
          "Alice" ->
            {
              acks: Set(),
              messages: Set(),
              offers: Set(),
              payloadId: 0,
              requests: Set()
            },
          "Bob" ->
            {
              acks: Set(),
              messages: Set(),
              offers: Set(),
              payloadId: 0,
              requests: Set()
            }
        )
    )
}

[State 3]
{
  messageStore:
    Map(
      "Alice" ->
        Set(
          {
            body: "Medic available at checkpoint",
            groupId: "group-charlie",
            messageId:
              "2700c2ae2062a6b61de69659da7cb274c61237d2bca13ab2c9d732835ba71541",
            timestamp: 1751966400
          },
          {
            body: "Offer: 2L water near station",
            groupId: "group-alpha",
            messageId:
              "12ab508965277ba7190d0833e0659ceae8a051cdedf21478cfa8eb785481e98c",
            timestamp: 1751966400
          }
        ),
      "Bob" ->
        Set(
          {
            body: "Need insulin at shelter A",
            groupId: "group-alpha",
            messageId:
              "741a51061e3b8351670ec7af7b1040710cb8adb4e34ef9528c1bc1f311cc9f75",
            timestamp: 1751966400
          },
          {
            body: "Offer: 2L water near station",
            groupId: "group-alpha",
            messageId:
              "12ab508965277ba7190d0833e0659ceae8a051cdedf21478cfa8eb785481e98c",
            timestamp: 1751966400
          }
        )
    ),
  nodeState:
    Map(
      "Alice" ->
        Map(
          "Alice" -> { messages: Set(), offers: Set(), requests: Set() },
          "Bob" ->
            {
              messages:
                Set(
                  {
                    body: "Medic available at checkpoint",
                    groupId: "group-charlie",
                    messageId:
                      "2700c2ae2062a6b61de69659da7cb274c61237d2bca13ab2c9d732835ba71541",
                    timestamp: 1751966400
                  },
                  {
                    body: "Offer: 2L water near station",
                    groupId: "group-alpha",
                    messageId:
                      "12ab508965277ba7190d0833e0659ceae8a051cdedf21478cfa8eb785481e98c",
                    timestamp: 1751966400
                  }
                ),
              offers: Set(),
              requests: Set()
            }
        ),
      "Bob" ->
        Map(
          "Alice" ->
            {
              messages:
                Set(
                  {
                    body: "Need insulin at shelter A",
                    groupId: "group-alpha",
                    messageId:
                      "741a51061e3b8351670ec7af7b1040710cb8adb4e34ef9528c1bc1f311cc9f75",
                    timestamp: 1751966400
                  },
                  {
                    body: "Offer: 2L water near station",
                    groupId: "group-alpha",
                    messageId:
                      "12ab508965277ba7190d0833e0659ceae8a051cdedf21478cfa8eb785481e98c",
                    timestamp: 1751966400
                  }
                ),
              offers: Set(),
              requests: Set()
            },
          "Bob" -> { messages: Set(), offers: Set(), requests: Set() }
        )
    ),
  payloadExchangeState:
    Map(
      "Alice" ->
        Map(
          "Alice" ->
            { ackDetermined: false, messagesStored: false, phase: Idle },
          "Bob" ->
            {
              ackDetermined: false,
              messagesStored: false,
              phase: MessagesAdded
            }
        ),
      "Bob" ->
        Map(
          "Alice" ->
            {
              ackDetermined: false,
              messagesStored: false,
              phase: MessagesAdded
            },
          "Bob" -> { ackDetermined: false, messagesStored: false, phase: Idle }
        )
    ),
  payloadState:
    Map(
      "Alice" ->
        Map(
          "Alice" ->
            {
              acks: Set(),
              messages: Set(),
              offers: Set(),
              payloadId: 0,
              requests: Set()
            },
          "Bob" ->
            {
              acks: Set(),
              messages:
                Set(
                  {
                    body: "Medic available at checkpoint",
                    groupId: "group-charlie",
                    messageId:
                      "2700c2ae2062a6b61de69659da7cb274c61237d2bca13ab2c9d732835ba71541",
                    timestamp: 1751966400
                  },
                  {
                    body: "Offer: 2L water near station",
                    groupId: "group-alpha",
                    messageId:
                      "12ab508965277ba7190d0833e0659ceae8a051cdedf21478cfa8eb785481e98c",
                    timestamp: 1751966400
                  }
                ),
              offers: Set(),
              payloadId: 0,
              requests: Set()
            }
        ),
      "Bob" ->
        Map(
          "Alice" ->
            {
              acks: Set(),
              messages:
                Set(
                  {
                    body: "Need insulin at shelter A",
                    groupId: "group-alpha",
                    messageId:
                      "741a51061e3b8351670ec7af7b1040710cb8adb4e34ef9528c1bc1f311cc9f75",
                    timestamp: 1751966400
                  },
                  {
                    body: "Offer: 2L water near station",
                    groupId: "group-alpha",
                    messageId:
                      "12ab508965277ba7190d0833e0659ceae8a051cdedf21478cfa8eb785481e98c",
                    timestamp: 1751966400
                  }
                ),
              offers: Set(),
              payloadId: 0,
              requests: Set()
            },
          "Bob" ->
            {
              acks: Set(),
              messages: Set(),
              offers: Set(),
              payloadId: 0,
              requests: Set()
            }
        )
    )
}

[State 4]
{
  messageStore:
    Map(
      "Alice" ->
        Set(
          {
            body: "Medic available at checkpoint",
            groupId: "group-charlie",
            messageId:
              "2700c2ae2062a6b61de69659da7cb274c61237d2bca13ab2c9d732835ba71541",
            timestamp: 1751966400
          },
          {
            body: "Offer: 2L water near station",
            groupId: "group-alpha",
            messageId:
              "12ab508965277ba7190d0833e0659ceae8a051cdedf21478cfa8eb785481e98c",
            timestamp: 1751966400
          }
        ),
      "Bob" ->
        Set(
          {
            body: "Need insulin at shelter A",
            groupId: "group-alpha",
            messageId:
              "741a51061e3b8351670ec7af7b1040710cb8adb4e34ef9528c1bc1f311cc9f75",
            timestamp: 1751966400
          },
          {
            body: "Offer: 2L water near station",
            groupId: "group-alpha",
            messageId:
              "12ab508965277ba7190d0833e0659ceae8a051cdedf21478cfa8eb785481e98c",
            timestamp: 1751966400
          }
        )
    ),
  nodeState:
    Map(
      "Alice" ->
        Map(
          "Alice" -> { messages: Set(), offers: Set(), requests: Set() },
          "Bob" ->
            {
              messages:
                Set(
                  {
                    body: "Medic available at checkpoint",
                    groupId: "group-charlie",
                    messageId:
                      "2700c2ae2062a6b61de69659da7cb274c61237d2bca13ab2c9d732835ba71541",
                    timestamp: 1751966400
                  },
                  {
                    body: "Offer: 2L water near station",
                    groupId: "group-alpha",
                    messageId:
                      "12ab508965277ba7190d0833e0659ceae8a051cdedf21478cfa8eb785481e98c",
                    timestamp: 1751966400
                  }
                ),
              offers: Set(),
              requests: Set()
            }
        ),
      "Bob" ->
        Map(
          "Alice" ->
            {
              messages:
                Set(
                  {
                    body: "Need insulin at shelter A",
                    groupId: "group-alpha",
                    messageId:
                      "741a51061e3b8351670ec7af7b1040710cb8adb4e34ef9528c1bc1f311cc9f75",
                    timestamp: 1751966400
                  },
                  {
                    body: "Offer: 2L water near station",
                    groupId: "group-alpha",
                    messageId:
                      "12ab508965277ba7190d0833e0659ceae8a051cdedf21478cfa8eb785481e98c",
                    timestamp: 1751966400
                  }
                ),
              offers: Set(),
              requests: Set()
            },
          "Bob" -> { messages: Set(), offers: Set(), requests: Set() }
        )
    ),
  payloadExchangeState:
    Map(
      "Alice" ->
        Map(
          "Alice" ->
            { ackDetermined: false, messagesStored: false, phase: Idle },
          "Bob" ->
            {
              ackDetermined: false,
              messagesStored: false,
              phase: MessagesAdded
            }
        ),
      "Bob" ->
        Map(
          "Alice" ->
            {
              ackDetermined: false,
              messagesStored: false,
              phase: MessagesSent
            },
          "Bob" -> { ackDetermined: false, messagesStored: false, phase: Idle }
        )
    ),
  payloadState:
    Map(
      "Alice" ->
        Map(
          "Alice" ->
            {
              acks: Set(),
              messages: Set(),
              offers: Set(),
              payloadId: 0,
              requests: Set()
            },
          "Bob" ->
            {
              acks: Set(),
              messages:
                Set(
                  {
                    body: "Medic available at checkpoint",
                    groupId: "group-charlie",
                    messageId:
                      "2700c2ae2062a6b61de69659da7cb274c61237d2bca13ab2c9d732835ba71541",
                    timestamp: 1751966400
                  },
                  {
                    body: "Offer: 2L water near station",
                    groupId: "group-alpha",
                    messageId:
                      "12ab508965277ba7190d0833e0659ceae8a051cdedf21478cfa8eb785481e98c",
                    timestamp: 1751966400
                  }
                ),
              offers: Set(),
              payloadId: 0,
              requests: Set()
            }
        ),
      "Bob" ->
        Map(
          "Alice" ->
            {
              acks: Set(),
              messages:
                Set(
                  {
                    body: "Need insulin at shelter A",
                    groupId: "group-alpha",
                    messageId:
                      "741a51061e3b8351670ec7af7b1040710cb8adb4e34ef9528c1bc1f311cc9f75",
                    timestamp: 1751966400
                  },
                  {
                    body: "Offer: 2L water near station",
                    groupId: "group-alpha",
                    messageId:
                      "12ab508965277ba7190d0833e0659ceae8a051cdedf21478cfa8eb785481e98c",
                    timestamp: 1751966400
                  }
                ),
              offers: Set(),
              payloadId: 0,
              requests: Set()
            },
          "Bob" ->
            {
              acks: Set(),
              messages: Set(),
              offers: Set(),
              payloadId: 0,
              requests: Set()
            }
        )
    )
}

[State 5]
{
  messageStore:
    Map(
      "Alice" ->
        Set(
          {
            body: "Medic available at checkpoint",
            groupId: "group-charlie",
            messageId:
              "2700c2ae2062a6b61de69659da7cb274c61237d2bca13ab2c9d732835ba71541",
            timestamp: 1751966400
          },
          {
            body: "Offer: 2L water near station",
            groupId: "group-alpha",
            messageId:
              "12ab508965277ba7190d0833e0659ceae8a051cdedf21478cfa8eb785481e98c",
            timestamp: 1751966400
          }
        ),
      "Bob" ->
        Set(
          {
            body: "Need insulin at shelter A",
            groupId: "group-alpha",
            messageId:
              "741a51061e3b8351670ec7af7b1040710cb8adb4e34ef9528c1bc1f311cc9f75",
            timestamp: 1751966400
          },
          {
            body: "Offer: 2L water near station",
            groupId: "group-alpha",
            messageId:
              "12ab508965277ba7190d0833e0659ceae8a051cdedf21478cfa8eb785481e98c",
            timestamp: 1751966400
          }
        )
    ),
  nodeState:
    Map(
      "Alice" ->
        Map(
          "Alice" -> { messages: Set(), offers: Set(), requests: Set() },
          "Bob" ->
            {
              messages:
                Set(
                  {
                    body: "Medic available at checkpoint",
                    groupId: "group-charlie",
                    messageId:
                      "2700c2ae2062a6b61de69659da7cb274c61237d2bca13ab2c9d732835ba71541",
                    timestamp: 1751966400
                  },
                  {
                    body: "Offer: 2L water near station",
                    groupId: "group-alpha",
                    messageId:
                      "12ab508965277ba7190d0833e0659ceae8a051cdedf21478cfa8eb785481e98c",
                    timestamp: 1751966400
                  }
                ),
              offers: Set(),
              requests: Set()
            }
        ),
      "Bob" ->
        Map(
          "Alice" ->
            {
              messages:
                Set(
                  {
                    body: "Need insulin at shelter A",
                    groupId: "group-alpha",
                    messageId:
                      "741a51061e3b8351670ec7af7b1040710cb8adb4e34ef9528c1bc1f311cc9f75",
                    timestamp: 1751966400
                  },
                  {
                    body: "Offer: 2L water near station",
                    groupId: "group-alpha",
                    messageId:
                      "12ab508965277ba7190d0833e0659ceae8a051cdedf21478cfa8eb785481e98c",
                    timestamp: 1751966400
                  }
                ),
              offers: Set(),
              requests: Set()
            },
          "Bob" -> { messages: Set(), offers: Set(), requests: Set() }
        )
    ),
  payloadExchangeState:
    Map(
      "Alice" ->
        Map(
          "Alice" ->
            { ackDetermined: false, messagesStored: false, phase: Idle },
          "Bob" ->
            {
              ackDetermined: false,
              messagesStored: false,
              phase: MessagesAdded
            }
        ),
      "Bob" ->
        Map(
          "Alice" ->
            {
              ackDetermined: false,
              messagesStored: false,
              phase: MessagesReceived
            },
          "Bob" -> { ackDetermined: false, messagesStored: false, phase: Idle }
        )
    ),
  payloadState:
    Map(
      "Alice" ->
        Map(
          "Alice" ->
            {
              acks: Set(),
              messages: Set(),
              offers: Set(),
              payloadId: 0,
              requests: Set()
            },
          "Bob" ->
            {
              acks: Set(),
              messages:
                Set(
                  {
                    body: "Medic available at checkpoint",
                    groupId: "group-charlie",
                    messageId:
                      "2700c2ae2062a6b61de69659da7cb274c61237d2bca13ab2c9d732835ba71541",
                    timestamp: 1751966400
                  },
                  {
                    body: "Offer: 2L water near station",
                    groupId: "group-alpha",
                    messageId:
                      "12ab508965277ba7190d0833e0659ceae8a051cdedf21478cfa8eb785481e98c",
                    timestamp: 1751966400
                  }
                ),
              offers: Set(),
              payloadId: 0,
              requests: Set()
            }
        ),
      "Bob" ->
        Map(
          "Alice" ->
            {
              acks: Set(),
              messages:
                Set(
                  {
                    body: "Need insulin at shelter A",
                    groupId: "group-alpha",
                    messageId:
                      "741a51061e3b8351670ec7af7b1040710cb8adb4e34ef9528c1bc1f311cc9f75",
                    timestamp: 1751966400
                  },
                  {
                    body: "Offer: 2L water near station",
                    groupId: "group-alpha",
                    messageId:
                      "12ab508965277ba7190d0833e0659ceae8a051cdedf21478cfa8eb785481e98c",
                    timestamp: 1751966400
                  }
                ),
              offers: Set(),
              payloadId: 0,
              requests: Set()
            },
          "Bob" ->
            {
              acks: Set(),
              messages: Set(),
              offers: Set(),
              payloadId: 0,
              requests: Set()
            }
        )
    )
}

[State 6]
{
  messageStore:
    Map(
      "Alice" ->
        Set(
          {
            body: "Medic available at checkpoint",
            groupId: "group-charlie",
            messageId:
              "2700c2ae2062a6b61de69659da7cb274c61237d2bca13ab2c9d732835ba71541",
            timestamp: 1751966400
          },
          {
            body: "Offer: 2L water near station",
            groupId: "group-alpha",
            messageId:
              "12ab508965277ba7190d0833e0659ceae8a051cdedf21478cfa8eb785481e98c",
            timestamp: 1751966400
          }
        ),
      "Bob" ->
        Set(
          {
            body: "Need insulin at shelter A",
            groupId: "group-alpha",
            messageId:
              "741a51061e3b8351670ec7af7b1040710cb8adb4e34ef9528c1bc1f311cc9f75",
            timestamp: 1751966400
          },
          {
            body: "Offer: 2L water near station",
            groupId: "group-alpha",
            messageId:
              "12ab508965277ba7190d0833e0659ceae8a051cdedf21478cfa8eb785481e98c",
            timestamp: 1751966400
          }
        )
    ),
  nodeState:
    Map(
      "Alice" ->
        Map(
          "Alice" -> { messages: Set(), offers: Set(), requests: Set() },
          "Bob" ->
            {
              messages:
                Set(
                  {
                    body: "Medic available at checkpoint",
                    groupId: "group-charlie",
                    messageId:
                      "2700c2ae2062a6b61de69659da7cb274c61237d2bca13ab2c9d732835ba71541",
                    timestamp: 1751966400
                  },
                  {
                    body: "Offer: 2L water near station",
                    groupId: "group-alpha",
                    messageId:
                      "12ab508965277ba7190d0833e0659ceae8a051cdedf21478cfa8eb785481e98c",
                    timestamp: 1751966400
                  }
                ),
              offers: Set(),
              requests: Set()
            }
        ),
      "Bob" ->
        Map(
          "Alice" ->
            {
              messages:
                Set(
                  {
                    body: "Need insulin at shelter A",
                    groupId: "group-alpha",
                    messageId:
                      "741a51061e3b8351670ec7af7b1040710cb8adb4e34ef9528c1bc1f311cc9f75",
                    timestamp: 1751966400
                  },
                  {
                    body: "Offer: 2L water near station",
                    groupId: "group-alpha",
                    messageId:
                      "12ab508965277ba7190d0833e0659ceae8a051cdedf21478cfa8eb785481e98c",
                    timestamp: 1751966400
                  }
                ),
              offers: Set(),
              requests: Set()
            },
          "Bob" -> { messages: Set(), offers: Set(), requests: Set() }
        )
    ),
  payloadExchangeState:
    Map(
      "Alice" ->
        Map(
          "Alice" ->
            { ackDetermined: false, messagesStored: false, phase: Idle },
          "Bob" ->
            {
              ackDetermined: false,
              messagesStored: false,
              phase: MessagesAdded
            }
        ),
      "Bob" ->
        Map(
          "Alice" ->
            {
              ackDetermined: true,
              messagesStored: false,
              phase: MessagesReceived
            },
          "Bob" -> { ackDetermined: false, messagesStored: false, phase: Idle }
        )
    ),
  payloadState:
    Map(
      "Alice" ->
        Map(
          "Alice" ->
            {
              acks: Set(),
              messages: Set(),
              offers: Set(),
              payloadId: 0,
              requests: Set()
            },
          "Bob" ->
            {
              acks: Set(),
              messages:
                Set(
                  {
                    body: "Medic available at checkpoint",
                    groupId: "group-charlie",
                    messageId:
                      "2700c2ae2062a6b61de69659da7cb274c61237d2bca13ab2c9d732835ba71541",
                    timestamp: 1751966400
                  },
                  {
                    body: "Offer: 2L water near station",
                    groupId: "group-alpha",
                    messageId:
                      "12ab508965277ba7190d0833e0659ceae8a051cdedf21478cfa8eb785481e98c",
                    timestamp: 1751966400
                  }
                ),
              offers: Set(),
              payloadId: 0,
              requests: Set()
            }
        ),
      "Bob" ->
        Map(
          "Alice" ->
            {
              acks:
                Set(
                  "12ab508965277ba7190d0833e0659ceae8a051cdedf21478cfa8eb785481e98c",
                  "741a51061e3b8351670ec7af7b1040710cb8adb4e34ef9528c1bc1f311cc9f75"
                ),
              messages:
                Set(
                  {
                    body: "Need insulin at shelter A",
                    groupId: "group-alpha",
                    messageId:
                      "741a51061e3b8351670ec7af7b1040710cb8adb4e34ef9528c1bc1f311cc9f75",
                    timestamp: 1751966400
                  },
                  {
                    body: "Offer: 2L water near station",
                    groupId: "group-alpha",
                    messageId:
                      "12ab508965277ba7190d0833e0659ceae8a051cdedf21478cfa8eb785481e98c",
                    timestamp: 1751966400
                  }
                ),
              offers: Set(),
              payloadId: 0,
              requests: Set()
            },
          "Bob" ->
            {
              acks: Set(),
              messages: Set(),
              offers: Set(),
              payloadId: 0,
              requests: Set()
            }
        )
    )
}

[State 7]
{
  messageStore:
    Map(
      "Alice" ->
        Set(
          {
            body: "Medic available at checkpoint",
            groupId: "group-charlie",
            messageId:
              "2700c2ae2062a6b61de69659da7cb274c61237d2bca13ab2c9d732835ba71541",
            timestamp: 1751966400
          },
          {
            body: "Need insulin at shelter A",
            groupId: "group-alpha",
            messageId:
              "741a51061e3b8351670ec7af7b1040710cb8adb4e34ef9528c1bc1f311cc9f75",
            timestamp: 1751966400
          },
          {
            body: "Offer: 2L water near station",
            groupId: "group-alpha",
            messageId:
              "12ab508965277ba7190d0833e0659ceae8a051cdedf21478cfa8eb785481e98c",
            timestamp: 1751966400
          }
        ),
      "Bob" ->
        Set(
          {
            body: "Need insulin at shelter A",
            groupId: "group-alpha",
            messageId:
              "741a51061e3b8351670ec7af7b1040710cb8adb4e34ef9528c1bc1f311cc9f75",
            timestamp: 1751966400
          },
          {
            body: "Offer: 2L water near station",
            groupId: "group-alpha",
            messageId:
              "12ab508965277ba7190d0833e0659ceae8a051cdedf21478cfa8eb785481e98c",
            timestamp: 1751966400
          }
        )
    ),
  nodeState:
    Map(
      "Alice" ->
        Map(
          "Alice" -> { messages: Set(), offers: Set(), requests: Set() },
          "Bob" ->
            {
              messages:
                Set(
                  {
                    body: "Medic available at checkpoint",
                    groupId: "group-charlie",
                    messageId:
                      "2700c2ae2062a6b61de69659da7cb274c61237d2bca13ab2c9d732835ba71541",
                    timestamp: 1751966400
                  }
                ),
              offers: Set(),
              requests: Set()
            }
        ),
      "Bob" ->
        Map(
          "Alice" ->
            {
              messages:
                Set(
                  {
                    body: "Need insulin at shelter A",
                    groupId: "group-alpha",
                    messageId:
                      "741a51061e3b8351670ec7af7b1040710cb8adb4e34ef9528c1bc1f311cc9f75",
                    timestamp: 1751966400
                  },
                  {
                    body: "Offer: 2L water near station",
                    groupId: "group-alpha",
                    messageId:
                      "12ab508965277ba7190d0833e0659ceae8a051cdedf21478cfa8eb785481e98c",
                    timestamp: 1751966400
                  }
                ),
              offers: Set(),
              requests: Set()
            },
          "Bob" -> { messages: Set(), offers: Set(), requests: Set() }
        )
    ),
  payloadExchangeState:
    Map(
      "Alice" ->
        Map(
          "Alice" ->
            { ackDetermined: false, messagesStored: false, phase: Idle },
          "Bob" ->
            {
              ackDetermined: false,
              messagesStored: false,
              phase: MessagesAdded
            }
        ),
      "Bob" ->
        Map(
          "Alice" ->
            {
              ackDetermined: true,
              messagesStored: true,
              phase: MessagesReceived
            },
          "Bob" -> { ackDetermined: false, messagesStored: false, phase: Idle }
        )
    ),
  payloadState:
    Map(
      "Alice" ->
        Map(
          "Alice" ->
            {
              acks: Set(),
              messages: Set(),
              offers: Set(),
              payloadId: 0,
              requests: Set()
            },
          "Bob" ->
            {
              acks: Set(),
              messages:
                Set(
                  {
                    body: "Medic available at checkpoint",
                    groupId: "group-charlie",
                    messageId:
                      "2700c2ae2062a6b61de69659da7cb274c61237d2bca13ab2c9d732835ba71541",
                    timestamp: 1751966400
                  },
                  {
                    body: "Offer: 2L water near station",
                    groupId: "group-alpha",
                    messageId:
                      "12ab508965277ba7190d0833e0659ceae8a051cdedf21478cfa8eb785481e98c",
                    timestamp: 1751966400
                  }
                ),
              offers: Set(),
              payloadId: 0,
              requests: Set()
            }
        ),
      "Bob" ->
        Map(
          "Alice" ->
            {
              acks:
                Set(
                  "12ab508965277ba7190d0833e0659ceae8a051cdedf21478cfa8eb785481e98c",
                  "741a51061e3b8351670ec7af7b1040710cb8adb4e34ef9528c1bc1f311cc9f75"
                ),
              messages:
                Set(
                  {
                    body: "Need insulin at shelter A",
                    groupId: "group-alpha",
                    messageId:
                      "741a51061e3b8351670ec7af7b1040710cb8adb4e34ef9528c1bc1f311cc9f75",
                    timestamp: 1751966400
                  },
                  {
                    body: "Offer: 2L water near station",
                    groupId: "group-alpha",
                    messageId:
                      "12ab508965277ba7190d0833e0659ceae8a051cdedf21478cfa8eb785481e98c",
                    timestamp: 1751966400
                  }
                ),
              offers: Set(),
              payloadId: 0,
              requests: Set()
            },
          "Bob" ->
            {
              acks: Set(),
              messages: Set(),
              offers: Set(),
              payloadId: 0,
              requests: Set()
            }
        )
    )
}

[violation] Found an issue (91ms at 121 traces/second).
Use --verbosity=3 to show executions.
error: Invariant violated
[FAIL]  exit 1
