Starting Apalache server on port 8822...
ERROR: Input redirection is not supported, exiting the process immediately.
ERROR: Input redirection is not supported, exiting the process immediately.
ERROR: Input redirection is not supported, exiting the process immediately.
ERROR: Input redirection is not supported, exiting the process immediately.
ERROR: Input redirection is not supported, exiting the process immediately.
ERROR: Input redirection is not supported, exiting the process immediately.
ERROR: Input redirection is not supported, exiting the process immediately.
ERROR: Input redirection is not supported, exiting the process immediately.
ERROR: Input redirection is not supported, exiting the process immediately.
ERROR: Input redirection is not supported, exiting the process immediately.
ERROR: Input redirection is not supported, exiting the process immediately.
ERROR: Input redirection is not supported, exiting the process immediately.
ERROR: Input redirection is not supported, exiting the process immediately.
ERROR: Input redirection is not supported, exiting the process immediately.
ERROR: Input redirection is not supported, exiting the process immediately.
ERROR: Input redirection is not supported, exiting the process immediately.
ERROR: Input redirection is not supported, exiting the process immediately.
ERROR: Input redirection is not supported, exiting the process immediately.
ERROR: Input redirection is not supported, exiting the process immediately.
ERROR: Input redirection is not supported, exiting the process immediately.
ERROR: Input redirection is not supported, exiting the process immediately.
ERROR: Input redirection is not supported, exiting the process immediately.
ERROR: Input redirection is not supported, exiting the process immediately.
ERROR: Input redirection is not supported, exiting the process immediately.
ERROR: Input redirection is not supported, exiting the process immediately.
ERROR: Input redirection is not supported, exiting the process immediately.
Running verification for "batch.qnt" with arguments " --temporal fair_determine_ack --out-itf output\liveness\fair_determine_ack\20260804_022401.itf.json --backend tlc"...
[TLC] Compiling to TLA+ (via Apalache)...
[TLC] Running TLC model checker...

TLC2 Version 2.19 of 08 August 2024
Warning: Please run the Java VM which executes TLC with a throughput optimized garbage collector by passing the "-XX:+UseParallelGC" property.
(Use the -nowarning option to disable this warning.)
Running breadth-first search Model-Checking with fp 31 and seed -2710995635405886787 with 20 workers on 20 cores with 8192MB heap and 64MB offheap memory [pid: 29916] (Windows 11 10.0 amd64, Microsoft 21.0.11 x86_64, MSBDiskFPSet, DiskStateQueue).
Parsing file ...\Temp\quint-tlc-cGBCFv\batch.tla
Parsing file ...\Temp\Integers.tla
Parsing file ...\Temp\Sequences.tla
Parsing file ...\Temp\FiniteSets.tla
Parsing file ...\Temp\TLC.tla
Parsing file ...\Temp\Apalache.tla
Parsing file ...\Temp\Variants.tla
Parsing file ...\Temp\Naturals.tla
Semantic processing of module Naturals
Semantic processing of module Integers
Semantic processing of module Sequences
Semantic processing of module FiniteSets
Semantic processing of module TLC
Semantic processing of module Apalache
Semantic processing of module Variants
Semantic processing of module batch
Starting... (2026-08-04 02:24:09)
Implied-temporal checking--satisfiability problem has 1 branches.
Computing initial states...
Finished computing initial states: 1 distinct state generated at 2026-08-04 02:24:09.
Progress(1) at 2026-08-04 02:24:09: 1 states generated, 1 distinct states found, 0 states left on queue.
Checking temporal properties for the complete state space with 1 total distinct states at (2026-08-04 02:24:09)
Finished checking temporal properties in 00s at 2026-08-04 02:24:09
Model checking completed. No error has been found.
  Estimates of the probability that TLC did not check all reachable states
  because two distinct states had the same fingerprint:
  calculated (optimistic):  val = 0.0
1 states generated, 1 distinct states found, 0 states left on queue.
The depth of the complete state graph search is 1.
The average outdegree of the complete state graph is 0 (minimum is 0, the maximum 0 and the 95th percentile is 0).
Finished in 00s at (2026-08-04 02:24:09)

[ok] No violation found (1096ms).
Auto-closing Apalache server on port 8822...
