Starting Apalache server on port 8822...
# Usage statistics is OFF. We care about your privacy.
# If you want to help our project, consider enabling statistics with config --enable-stats=true.

Output directory: ...\DecSaf\formal_verification\versions\01\batch\_apalache-out\server\2026-08-24T20-23-23_7047828795887328688
# APALACHE version: v0.59.0-2-gfe7c1642a | build: v0.59.0-2-gfe7c1642a I@20:23:23.409
Starting checker server on port 8822...                           I@20:23:23.413
The Apalache server is running on port 8822. Press Ctrl-C to stop.
Running verification for "batch_two_nodes.qnt" with arguments " --temporal fair_receive_messages_payload --out-itf output\liveness\fair_receive_messages_payload\20260824_202321.itf.json --backend tlc"...
[TLC] Compiling to TLA+ (via Apalache)...
aug 24, 2026 8:23:27 P.M. com.google.protobuf.GeneratedMessage warnPre22Gencode
WARNING: Vulnerable protobuf generated type in use: io.grpc.reflection.v1alpha.ServerReflectionRequest
As of 2022/09/29 (release 21.7) makeExtensionsImmutable should not be called from protobuf gencode. If you are seeing this message, your gencode is vulnerable to a denial of service attack. You should regenerate your code using protobuf 25.6 or later. Use the latest version that meets your needs. However, if you understand the risks and wish to continue with vulnerable gencode, you can set the system property `-Dcom.google.protobuf.use_unsafe_pre22_gencode` on the command line to silence this warning. You also can set `-Dcom.google.protobuf.error_on_unsafe_pre22_gencode` to throw an error instead. See security vulnerability: https://github.com/protocolbuffers/protobuf/security/advisories/GHSA-h4h5-3hr4-j3g2
PASS #0: SanyParser                                               I@20:23:28.091
[TLC] Running TLC model checker...

TLC2 Version 2026.08.24.182329
Warning: Please run the Java VM, which executes TLC with a throughput optimized garbage collector, by passing the "-XX:+UseParallelGC" property.
(Use the -nowarning option to disable this warning.)
Running breadth-first search Model-Checking with fp 95 and seed 6199436855710283795 with 20 workers on 20 cores with 8192MB heap and 64MB offheap memory [pid: 27512] (Windows 11 10.0 amd64, Microsoft 21.0.11 64bit, MSBDiskFPSet, DiskStateQueue).
Parsing file <tmp>\quint-tlc-K4dHGb\batch_two_nodes.tla
Parsing file <tmp>\quint-tlc-K4dHGb\tlc-6119949877623637335\Integers.tla (jar:file:/.../.quint/apalache-dist-powsetfilter/apalache/lib/apalache.jar!/tla2sany/StandardModules/Integers.tla)
Parsing file <tmp>\quint-tlc-K4dHGb\tlc-6119949877623637335\Sequences.tla (jar:file:/.../.quint/apalache-dist-powsetfilter/apalache/lib/apalache.jar!/tla2sany/StandardModules/Sequences.tla)
Parsing file <tmp>\quint-tlc-K4dHGb\tlc-6119949877623637335\FiniteSets.tla (jar:file:/.../.quint/apalache-dist-powsetfilter/apalache/lib/apalache.jar!/tla2sany/StandardModules/FiniteSets.tla)
Parsing file <tmp>\quint-tlc-K4dHGb\tlc-6119949877623637335\TLC.tla (jar:file:/.../.quint/apalache-dist-powsetfilter/apalache/lib/apalache.jar!/tla2sany/StandardModules/TLC.tla)
Parsing file <tmp>\quint-tlc-K4dHGb\tlc-6119949877623637335\Apalache.tla (jar:file:/.../.quint/apalache-dist-powsetfilter/apalache/lib/apalache.jar!/tla2sany/StandardModules/Apalache.tla)
Parsing file <tmp>\quint-tlc-K4dHGb\tlc-6119949877623637335\Variants.tla (jar:file:/.../.quint/apalache-dist-powsetfilter/apalache/lib/apalache.jar!/tla2sany/StandardModules/Variants.tla)
Parsing file <tmp>\quint-tlc-K4dHGb\tlc-6119949877623637335\_TLCTrace.tla (jar:file:/.../.quint/apalache-dist-powsetfilter/apalache/lib/apalache.jar!/tla2sany/StandardModules/_TLCTrace.tla)
Parsing file <tmp>\quint-tlc-K4dHGb\tlc-6119949877623637335\Naturals.tla (jar:file:/.../.quint/apalache-dist-powsetfilter/apalache/lib/apalache.jar!/tla2sany/StandardModules/Naturals.tla)
Parsing file <tmp>\quint-tlc-K4dHGb\tlc-6119949877623637335\TLCExt.tla (jar:file:/.../.quint/apalache-dist-powsetfilter/apalache/lib/apalache.jar!/tla2sany/StandardModules/TLCExt.tla)
Semantic processing of module Naturals
Semantic processing of module Integers
Semantic processing of module Sequences
Semantic processing of module FiniteSets
Semantic processing of module TLC
Semantic processing of module Apalache
Semantic processing of module Variants
Semantic processing of module TLCExt
Semantic processing of module _TLCTrace
Semantic processing of module batch_two_nodes
Linting of module Apalache
Linting of module Variants
Linting of module TLCExt
Linting of module _TLCTrace
Linting of module batch_two_nodes
Starting... (2026-08-24 20:23:29)
Implied-temporal checking--satisfiability problem has 1 branches.
Computing initial states...
Finished computing initial states: 1 distinct state generated at 2026-08-24 20:23:30.
Progress(17) at 2026-08-24 20:23:30: 241 states generated, 100 distinct states found, 0 states left on queue.
Checking temporal properties for the complete state space with 100 total distinct states at (2026-08-24 20:23:30)
Error: Temporal property q_temporalProps was violated.

Error: The following behavior constitutes a counter-example:

State 1: <Initial predicate>
/\ batch_two_nodes_batch_nodeState = [ Alice |->
      [ Alice |-> [offers |-> {}, requests |-> {}, messages |-> {}],
        Bob |->
            [ offers |-> {},
              requests |-> {},
              messages |->
                  { [ messageId |->
                          "741a51061e3b8351670ec7af7b1040710cb8adb4e34ef9528c1bc1f311cc9f75",
                      groupId |-> "group-alpha",
                      timestamp |-> 1751966400,
                      body |-> "Need insulin at shelter A" ],
                    [ messageId |->
                          "12ab508965277ba7190d0833e0659ceae8a051cdedf21478cfa8eb785481e98c",
                      groupId |-> "group-alpha",
                      timestamp |-> 1751966400,
                      body |-> "Offer: 2L water near station" ] } ] ],
  Bob |->
      [ Alice |->
            [ offers |-> {},
              requests |-> {},
              messages |->
                  { [ messageId |->
                          "4183701dda5d89fde3f72fea64dae70a78000b56e6f1c31c45cea54dd93208f1",
                      groupId |-> "group-bravo",
                      timestamp |-> 1751966400,
                      body |-> "Request: flashlight batteries" ] } ],
        Bob |-> [offers |-> {}, requests |-> {}, messages |-> {}] ] ]
/\ batch_two_nodes_batch_payloadState = [ Alice |->
      [ Alice |-> [None |-> [tag |-> "UNIT"]],
        Bob |-> [None |-> [tag |-> "UNIT"]] ],
  Bob |->
      [ Alice |-> [None |-> [tag |-> "UNIT"]],
        Bob |-> [None |-> [tag |-> "UNIT"]] ] ]
/\ batch_two_nodes_batch_payloadExchangeState = [ Alice |->
      [ Alice |->
            [ phase |-> [Idle |-> [tag |-> "UNIT"]],
              messagesStored |-> FALSE,
              ackDetermined |-> FALSE ],
        Bob |->
            [ phase |-> [Idle |-> [tag |-> "UNIT"]],
              messagesStored |-> FALSE,
              ackDetermined |-> FALSE ] ],
  Bob |->
      [ Alice |->
            [ phase |-> [Idle |-> [tag |-> "UNIT"]],
              messagesStored |-> FALSE,
              ackDetermined |-> FALSE ],
        Bob |->
            [ phase |-> [Idle |-> [tag |-> "UNIT"]],
              messagesStored |-> FALSE,
              ackDetermined |-> FALSE ] ] ]
/\ batch_two_nodes_batch_messageStore = [ Alice |->
      { [ messageId |->
              "741a51061e3b8351670ec7af7b1040710cb8adb4e34ef9528c1bc1f311cc9f75",
          groupId |-> "group-alpha",
          timestamp |-> 1751966400,
          body |-> "Need insulin at shelter A" ],
        [ messageId |->
              "12ab508965277ba7190d0833e0659ceae8a051cdedf21478cfa8eb785481e98c",
          groupId |-> "group-alpha",
          timestamp |-> 1751966400,
          body |-> "Offer: 2L water near station" ] },
  Bob |->
      { [ messageId |->
              "4183701dda5d89fde3f72fea64dae70a78000b56e6f1c31c45cea54dd93208f1",
          groupId |-> "group-bravo",
          timestamp |-> 1751966400,
          body |-> "Request: flashlight batteries" ] } ]

State 2: <batch_two_nodes_batch_addMessages("Alice","Bob") line 834, col 3 to line 916, col 9 of module batch_two_nodes>
/\ batch_two_nodes_batch_nodeState = [ Alice |->
      [ Alice |-> [offers |-> {}, requests |-> {}, messages |-> {}],
        Bob |->
            [ offers |-> {},
              requests |-> {},
              messages |->
                  { [ messageId |->
                          "741a51061e3b8351670ec7af7b1040710cb8adb4e34ef9528c1bc1f311cc9f75",
                      groupId |-> "group-alpha",
                      timestamp |-> 1751966400,
                      body |-> "Need insulin at shelter A" ],
                    [ messageId |->
                          "12ab508965277ba7190d0833e0659ceae8a051cdedf21478cfa8eb785481e98c",
                      groupId |-> "group-alpha",
                      timestamp |-> 1751966400,
                      body |-> "Offer: 2L water near station" ] } ] ],
  Bob |->
      [ Alice |->
            [ offers |-> {},
              requests |-> {},
              messages |->
                  { [ messageId |->
                          "4183701dda5d89fde3f72fea64dae70a78000b56e6f1c31c45cea54dd93208f1",
                      groupId |-> "group-bravo",
                      timestamp |-> 1751966400,
                      body |-> "Request: flashlight batteries" ] } ],
        Bob |-> [offers |-> {}, requests |-> {}, messages |-> {}] ] ]
/\ batch_two_nodes_batch_payloadState = [ Alice |->
      [ Alice |-> [None |-> [tag |-> "UNIT"]],
        Bob |->
            [ Some |->
                  [ offers |-> {},
                    requests |-> {},
                    messages |->
                        { [ messageId |->
                                "741a51061e3b8351670ec7af7b1040710cb8adb4e34ef9528c1bc1f311cc9f75",
                            groupId |-> "group-alpha",
                            timestamp |-> 1751966400,
                            body |-> "Need insulin at shelter A" ],
                          [ messageId |->
                                "12ab508965277ba7190d0833e0659ceae8a051cdedf21478cfa8eb785481e98c",
                            groupId |-> "group-alpha",
                            timestamp |-> 1751966400,
                            body |-> "Offer: 2L water near station" ] },
                    payloadId |-> 0,
                    acks |-> {} ] ] ],
  Bob |->
      [ Alice |-> [None |-> [tag |-> "UNIT"]],
        Bob |-> [None |-> [tag |-> "UNIT"]] ] ]
/\ batch_two_nodes_batch_payloadExchangeState = [ Alice |->
      [ Alice |->
            [ phase |-> [Idle |-> [tag |-> "UNIT"]],
              messagesStored |-> FALSE,
              ackDetermined |-> FALSE ],
        Bob |->
            [ phase |-> [MessagesAdded |-> [tag |-> "UNIT"]],
              messagesStored |-> FALSE,
              ackDetermined |-> FALSE ] ],
  Bob |->
      [ Alice |->
            [ phase |-> [Idle |-> [tag |-> "UNIT"]],
              messagesStored |-> FALSE,
              ackDetermined |-> FALSE ],
        Bob |->
            [ phase |-> [Idle |-> [tag |-> "UNIT"]],
              messagesStored |-> FALSE,
              ackDetermined |-> FALSE ] ] ]
/\ batch_two_nodes_batch_messageStore = [ Alice |->
      { [ messageId |->
              "741a51061e3b8351670ec7af7b1040710cb8adb4e34ef9528c1bc1f311cc9f75",
          groupId |-> "group-alpha",
          timestamp |-> 1751966400,
          body |-> "Need insulin at shelter A" ],
        [ messageId |->
              "12ab508965277ba7190d0833e0659ceae8a051cdedf21478cfa8eb785481e98c",
          groupId |-> "group-alpha",
          timestamp |-> 1751966400,
          body |-> "Offer: 2L water near station" ] },
  Bob |->
      { [ messageId |->
              "4183701dda5d89fde3f72fea64dae70a78000b56e6f1c31c45cea54dd93208f1",
          groupId |-> "group-bravo",
          timestamp |-> 1751966400,
          body |-> "Request: flashlight batteries" ] } ]

State 3: <batch_two_nodes_batch_addMessages("Bob","Alice") line 834, col 3 to line 916, col 9 of module batch_two_nodes>
/\ batch_two_nodes_batch_nodeState = [ Alice |->
      [ Alice |-> [offers |-> {}, requests |-> {}, messages |-> {}],
        Bob |->
            [ offers |-> {},
              requests |-> {},
              messages |->
                  { [ messageId |->
                          "741a51061e3b8351670ec7af7b1040710cb8adb4e34ef9528c1bc1f311cc9f75",
                      groupId |-> "group-alpha",
                      timestamp |-> 1751966400,
                      body |-> "Need insulin at shelter A" ],
                    [ messageId |->
                          "12ab508965277ba7190d0833e0659ceae8a051cdedf21478cfa8eb785481e98c",
                      groupId |-> "group-alpha",
                      timestamp |-> 1751966400,
                      body |-> "Offer: 2L water near station" ] } ] ],
  Bob |->
      [ Alice |->
            [ offers |-> {},
              requests |-> {},
              messages |->
                  { [ messageId |->
                          "4183701dda5d89fde3f72fea64dae70a78000b56e6f1c31c45cea54dd93208f1",
                      groupId |-> "group-bravo",
                      timestamp |-> 1751966400,
                      body |-> "Request: flashlight batteries" ] } ],
        Bob |-> [offers |-> {}, requests |-> {}, messages |-> {}] ] ]
/\ batch_two_nodes_batch_payloadState = [ Alice |->
      [ Alice |-> [None |-> [tag |-> "UNIT"]],
        Bob |->
            [ Some |->
                  [ offers |-> {},
                    requests |-> {},
                    messages |->
                        { [ messageId |->
                                "741a51061e3b8351670ec7af7b1040710cb8adb4e34ef9528c1bc1f311cc9f75",
                            groupId |-> "group-alpha",
                            timestamp |-> 1751966400,
                            body |-> "Need insulin at shelter A" ],
                          [ messageId |->
                                "12ab508965277ba7190d0833e0659ceae8a051cdedf21478cfa8eb785481e98c",
                            groupId |-> "group-alpha",
                            timestamp |-> 1751966400,
                            body |-> "Offer: 2L water near station" ] },
                    payloadId |-> 0,
                    acks |-> {} ] ] ],
  Bob |->
      [ Alice |->
            [ Some |->
                  [ offers |-> {},
                    requests |-> {},
                    messages |->
                        { [ messageId |->
                                "4183701dda5d89fde3f72fea64dae70a78000b56e6f1c31c45cea54dd93208f1",
                            groupId |-> "group-bravo",
                            timestamp |-> 1751966400,
                            body |-> "Request: flashlight batteries" ] },
                    payloadId |-> 0,
                    acks |-> {} ] ],
        Bob |-> [None |-> [tag |-> "UNIT"]] ] ]
/\ batch_two_nodes_batch_payloadExchangeState = [ Alice |->
      [ Alice |->
            [ phase |-> [Idle |-> [tag |-> "UNIT"]],
              messagesStored |-> FALSE,
              ackDetermined |-> FALSE ],
        Bob |->
            [ phase |-> [MessagesAdded |-> [tag |-> "UNIT"]],
              messagesStored |-> FALSE,
              ackDetermined |-> FALSE ] ],
  Bob |->
      [ Alice |->
            [ phase |-> [MessagesAdded |-> [tag |-> "UNIT"]],
              messagesStored |-> FALSE,
              ackDetermined |-> FALSE ],
        Bob |->
            [ phase |-> [Idle |-> [tag |-> "UNIT"]],
              messagesStored |-> FALSE,
              ackDetermined |-> FALSE ] ] ]
/\ batch_two_nodes_batch_messageStore = [ Alice |->
      { [ messageId |->
              "741a51061e3b8351670ec7af7b1040710cb8adb4e34ef9528c1bc1f311cc9f75",
          groupId |-> "group-alpha",
          timestamp |-> 1751966400,
          body |-> "Need insulin at shelter A" ],
        [ messageId |->
              "12ab508965277ba7190d0833e0659ceae8a051cdedf21478cfa8eb785481e98c",
          groupId |-> "group-alpha",
          timestamp |-> 1751966400,
          body |-> "Offer: 2L water near station" ] },
  Bob |->
      { [ messageId |->
              "4183701dda5d89fde3f72fea64dae70a78000b56e6f1c31c45cea54dd93208f1",
          groupId |-> "group-bravo",
          timestamp |-> 1751966400,
          body |-> "Request: flashlight batteries" ] } ]

State 4: <batch_two_nodes_batch_sendMessagesPayload("Alice","Bob") line 922, col 3 to line 939, col 9 of module batch_two_nodes>
/\ batch_two_nodes_batch_nodeState = [ Alice |->
      [ Alice |-> [offers |-> {}, requests |-> {}, messages |-> {}],
        Bob |->
            [ offers |-> {},
              requests |-> {},
              messages |->
                  { [ messageId |->
                          "741a51061e3b8351670ec7af7b1040710cb8adb4e34ef9528c1bc1f311cc9f75",
                      groupId |-> "group-alpha",
                      timestamp |-> 1751966400,
                      body |-> "Need insulin at shelter A" ],
                    [ messageId |->
                          "12ab508965277ba7190d0833e0659ceae8a051cdedf21478cfa8eb785481e98c",
                      groupId |-> "group-alpha",
                      timestamp |-> 1751966400,
                      body |-> "Offer: 2L water near station" ] } ] ],
  Bob |->
      [ Alice |->
            [ offers |-> {},
              requests |-> {},
              messages |->
                  { [ messageId |->
                          "4183701dda5d89fde3f72fea64dae70a78000b56e6f1c31c45cea54dd93208f1",
                      groupId |-> "group-bravo",
                      timestamp |-> 1751966400,
                      body |-> "Request: flashlight batteries" ] } ],
        Bob |-> [offers |-> {}, requests |-> {}, messages |-> {}] ] ]
/\ batch_two_nodes_batch_payloadState = [ Alice |->
      [ Alice |-> [None |-> [tag |-> "UNIT"]],
        Bob |->
            [ Some |->
                  [ offers |-> {},
                    requests |-> {},
                    messages |->
                        { [ messageId |->
                                "741a51061e3b8351670ec7af7b1040710cb8adb4e34ef9528c1bc1f311cc9f75",
                            groupId |-> "group-alpha",
                            timestamp |-> 1751966400,
                            body |-> "Need insulin at shelter A" ],
                          [ messageId |->
                                "12ab508965277ba7190d0833e0659ceae8a051cdedf21478cfa8eb785481e98c",
                            groupId |-> "group-alpha",
                            timestamp |-> 1751966400,
                            body |-> "Offer: 2L water near station" ] },
                    payloadId |-> 0,
                    acks |-> {} ] ] ],
  Bob |->
      [ Alice |->
            [ Some |->
                  [ offers |-> {},
                    requests |-> {},
                    messages |->
                        { [ messageId |->
                                "4183701dda5d89fde3f72fea64dae70a78000b56e6f1c31c45cea54dd93208f1",
                            groupId |-> "group-bravo",
                            timestamp |-> 1751966400,
                            body |-> "Request: flashlight batteries" ] },
                    payloadId |-> 0,
                    acks |-> {} ] ],
        Bob |-> [None |-> [tag |-> "UNIT"]] ] ]
/\ batch_two_nodes_batch_payloadExchangeState = [ Alice |->
      [ Alice |->
            [ phase |-> [Idle |-> [tag |-> "UNIT"]],
              messagesStored |-> FALSE,
              ackDetermined |-> FALSE ],
        Bob |->
            [ phase |-> [MessagesSent |-> [tag |-> "UNIT"]],
              messagesStored |-> FALSE,
              ackDetermined |-> FALSE ] ],
  Bob |->
      [ Alice |->
            [ phase |-> [MessagesAdded |-> [tag |-> "UNIT"]],
              messagesStored |-> FALSE,
              ackDetermined |-> FALSE ],
        Bob |->
            [ phase |-> [Idle |-> [tag |-> "UNIT"]],
              messagesStored |-> FALSE,
              ackDetermined |-> FALSE ] ] ]
/\ batch_two_nodes_batch_messageStore = [ Alice |->
      { [ messageId |->
              "741a51061e3b8351670ec7af7b1040710cb8adb4e34ef9528c1bc1f311cc9f75",
          groupId |-> "group-alpha",
          timestamp |-> 1751966400,
          body |-> "Need insulin at shelter A" ],
        [ messageId |->
              "12ab508965277ba7190d0833e0659ceae8a051cdedf21478cfa8eb785481e98c",
          groupId |-> "group-alpha",
          timestamp |-> 1751966400,
          body |-> "Offer: 2L water near station" ] },
  Bob |->
      { [ messageId |->
              "4183701dda5d89fde3f72fea64dae70a78000b56e6f1c31c45cea54dd93208f1",
          groupId |-> "group-bravo",
          timestamp |-> 1751966400,
          body |-> "Request: flashlight batteries" ] } ]

State 5: <batch_two_nodes_batch_sendMessagesPayload("Bob","Alice") line 922, col 3 to line 939, col 9 of module batch_two_nodes>
/\ batch_two_nodes_batch_nodeState = [ Alice |->
      [ Alice |-> [offers |-> {}, requests |-> {}, messages |-> {}],
        Bob |->
            [ offers |-> {},
              requests |-> {},
              messages |->
                  { [ messageId |->
                          "741a51061e3b8351670ec7af7b1040710cb8adb4e34ef9528c1bc1f311cc9f75",
                      groupId |-> "group-alpha",
                      timestamp |-> 1751966400,
                      body |-> "Need insulin at shelter A" ],
                    [ messageId |->
                          "12ab508965277ba7190d0833e0659ceae8a051cdedf21478cfa8eb785481e98c",
                      groupId |-> "group-alpha",
                      timestamp |-> 1751966400,
                      body |-> "Offer: 2L water near station" ] } ] ],
  Bob |->
      [ Alice |->
            [ offers |-> {},
              requests |-> {},
              messages |->
                  { [ messageId |->
                          "4183701dda5d89fde3f72fea64dae70a78000b56e6f1c31c45cea54dd93208f1",
                      groupId |-> "group-bravo",
                      timestamp |-> 1751966400,
                      body |-> "Request: flashlight batteries" ] } ],
        Bob |-> [offers |-> {}, requests |-> {}, messages |-> {}] ] ]
/\ batch_two_nodes_batch_payloadState = [ Alice |->
      [ Alice |-> [None |-> [tag |-> "UNIT"]],
        Bob |->
            [ Some |->
                  [ offers |-> {},
                    requests |-> {},
                    messages |->
                        { [ messageId |->
                                "741a51061e3b8351670ec7af7b1040710cb8adb4e34ef9528c1bc1f311cc9f75",
                            groupId |-> "group-alpha",
                            timestamp |-> 1751966400,
                            body |-> "Need insulin at shelter A" ],
                          [ messageId |->
                                "12ab508965277ba7190d0833e0659ceae8a051cdedf21478cfa8eb785481e98c",
                            groupId |-> "group-alpha",
                            timestamp |-> 1751966400,
                            body |-> "Offer: 2L water near station" ] },
                    payloadId |-> 0,
                    acks |-> {} ] ] ],
  Bob |->
      [ Alice |->
            [ Some |->
                  [ offers |-> {},
                    requests |-> {},
                    messages |->
                        { [ messageId |->
                                "4183701dda5d89fde3f72fea64dae70a78000b56e6f1c31c45cea54dd93208f1",
                            groupId |-> "group-bravo",
                            timestamp |-> 1751966400,
                            body |-> "Request: flashlight batteries" ] },
                    payloadId |-> 0,
                    acks |-> {} ] ],
        Bob |-> [None |-> [tag |-> "UNIT"]] ] ]
/\ batch_two_nodes_batch_payloadExchangeState = [ Alice |->
      [ Alice |->
            [ phase |-> [Idle |-> [tag |-> "UNIT"]],
              messagesStored |-> FALSE,
              ackDetermined |-> FALSE ],
        Bob |->
            [ phase |-> [MessagesSent |-> [tag |-> "UNIT"]],
              messagesStored |-> FALSE,
              ackDetermined |-> FALSE ] ],
  Bob |->
      [ Alice |->
            [ phase |-> [MessagesSent |-> [tag |-> "UNIT"]],
              messagesStored |-> FALSE,
              ackDetermined |-> FALSE ],
        Bob |->
            [ phase |-> [Idle |-> [tag |-> "UNIT"]],
              messagesStored |-> FALSE,
              ackDetermined |-> FALSE ] ] ]
/\ batch_two_nodes_batch_messageStore = [ Alice |->
      { [ messageId |->
              "741a51061e3b8351670ec7af7b1040710cb8adb4e34ef9528c1bc1f311cc9f75",
          groupId |-> "group-alpha",
          timestamp |-> 1751966400,
          body |-> "Need insulin at shelter A" ],
        [ messageId |->
              "12ab508965277ba7190d0833e0659ceae8a051cdedf21478cfa8eb785481e98c",
          groupId |-> "group-alpha",
          timestamp |-> 1751966400,
          body |-> "Offer: 2L water near station" ] },
  Bob |->
      { [ messageId |->
              "4183701dda5d89fde3f72fea64dae70a78000b56e6f1c31c45cea54dd93208f1",
          groupId |-> "group-bravo",
          timestamp |-> 1751966400,
          body |-> "Request: flashlight batteries" ] } ]

State 6: Stuttering
Warning: The stuttering counterexample above may be caused by the absence of a behavior specification (SPECIFICATION). Only INIT and NEXT have been provided, so TLC permits infinite stuttering. To rule out such counterexamples, use SPECIFICATION Spec, with Spec asserting a suitable fairness constraint (compare Chapter 8, page 87ff of Specifying Systems at https://lamport.azurewebsites.net/tla/book.html).
Finished checking temporal properties in 00s at 2026-08-24 20:23:30
241 states generated, 100 distinct states found, 0 states left on queue.
The depth of the complete state graph search is 17.
Finished in 00s at (2026-08-24 20:23:30)
Trace exploration spec path: <tmp>\quint-tlc-K4dHGb\batch_two_nodes_TTrace_1787595809.tla

[violation] Found an issue (1424ms).
error: found a counterexample
Auto-closing Apalache server on port 8822...
[FAIL]  exit 1
