[TLC] Compiling to TLA+ (via Apalache)...
# Usage statistics is OFF. We care about your privacy.
# If you want to help our project, consider enabling statistics with config --enable-stats=true.

Output directory: .../DecSaf/formal_verification/versions/01/batch/_apalache-out/server/2026-08-11T16-07-20_12250966571549323551
# APALACHE version: v0.59.0-2-gfe7c1642a | build: v0.59.0-2-gfe7c1642a I@16:07:20.132
Starting checker server on port 8822...                           I@16:07:20.137
The Apalache server is running on port 8822. Press Ctrl-C to stop.
Aug 11, 2026 4:07:31 PM com.google.protobuf.GeneratedMessage warnPre22Gencode
WARNING: Vulnerable protobuf generated type in use: io.grpc.reflection.v1alpha.ServerReflectionRequest
As of 2022/09/29 (release 21.7) makeExtensionsImmutable should not be called from protobuf gencode. If you are seeing this message, your gencode is vulnerable to a denial of service attack. You should regenerate your code using protobuf 25.6 or later. Use the latest version that meets your needs. However, if you understand the risks and wish to continue with vulnerable gencode, you can set the system property `-Dcom.google.protobuf.use_unsafe_pre22_gencode` on the command line to silence this warning. You also can set `-Dcom.google.protobuf.error_on_unsafe_pre22_gencode` to throw an error instead. See security vulnerability: https://github.com/protocolbuffers/protobuf/security/advisories/GHSA-h4h5-3hr4-j3g2
PASS #0: SanyParser                                               I@16:07:32.256
[TLC] Running TLC model checker...

TLC2 Version 2026.08.11.140733
Warning: Please run the Java VM, which executes TLC with a throughput optimized garbage collector, by passing the "-XX:+UseParallelGC" property.
(Use the -nowarning option to disable this warning.)
Running breadth-first search Model-Checking with fp 51 and seed 3469720094216161255 with 8 workers on 8 cores with 8192MB heap and 64MB offheap memory [pid: 11287] (Linux 6.6.87.2-microsoft-standard-WSL2 amd64, Ubuntu 21.0.11 64bit, MSBDiskFPSet, DiskStateQueue).
Parsing file <tmp>/quint-tlc-1BbmEM/batch.tla
Parsing file <tmp>/quint-tlc-1BbmEM/tlc-18290022070092075502/Integers.tla (jar:file:/~/.quint/apalache-dist-powsetfilter/apalache/lib/apalache.jar!/tla2sany/StandardModules/Integers.tla)
Parsing file <tmp>/quint-tlc-1BbmEM/tlc-18290022070092075502/Sequences.tla (jar:file:/~/.quint/apalache-dist-powsetfilter/apalache/lib/apalache.jar!/tla2sany/StandardModules/Sequences.tla)
Parsing file <tmp>/quint-tlc-1BbmEM/tlc-18290022070092075502/FiniteSets.tla (jar:file:/~/.quint/apalache-dist-powsetfilter/apalache/lib/apalache.jar!/tla2sany/StandardModules/FiniteSets.tla)
Parsing file <tmp>/quint-tlc-1BbmEM/tlc-18290022070092075502/TLC.tla (jar:file:/~/.quint/apalache-dist-powsetfilter/apalache/lib/apalache.jar!/tla2sany/StandardModules/TLC.tla)
Parsing file <tmp>/quint-tlc-1BbmEM/tlc-18290022070092075502/Apalache.tla (jar:file:/~/.quint/apalache-dist-powsetfilter/apalache/lib/apalache.jar!/tla2sany/StandardModules/Apalache.tla)
Parsing file <tmp>/quint-tlc-1BbmEM/tlc-18290022070092075502/Variants.tla (jar:file:/~/.quint/apalache-dist-powsetfilter/apalache/lib/apalache.jar!/tla2sany/StandardModules/Variants.tla)
Parsing file <tmp>/quint-tlc-1BbmEM/tlc-18290022070092075502/_TLCTrace.tla (jar:file:/~/.quint/apalache-dist-powsetfilter/apalache/lib/apalache.jar!/tla2sany/StandardModules/_TLCTrace.tla)
Parsing file <tmp>/quint-tlc-1BbmEM/tlc-18290022070092075502/Naturals.tla (jar:file:/~/.quint/apalache-dist-powsetfilter/apalache/lib/apalache.jar!/tla2sany/StandardModules/Naturals.tla)
Parsing file <tmp>/quint-tlc-1BbmEM/tlc-18290022070092075502/TLCExt.tla (jar:file:/~/.quint/apalache-dist-powsetfilter/apalache/lib/apalache.jar!/tla2sany/StandardModules/TLCExt.tla)
Semantic processing of module Naturals
Semantic processing of module Integers
Semantic processing of module Sequences
Semantic processing of module FiniteSets
Semantic processing of module TLC
Semantic processing of module Apalache
Semantic processing of module Variants
Semantic processing of module TLCExt
Semantic processing of module _TLCTrace
Semantic processing of module batch
Semantic errors:

*** Errors: 2

line 278, col 3 to line 278, col 79 of module batch

[] followed by action not of form [A]_v.


line 458, col 11 to line 467, col 79 of module batch

[] followed by action not of form [A]_v.


Starting... (2026-08-11 16:07:33)
Error: Parsing or semantic analysis failed.
Finished in 00s at (2026-08-11 16:07:33)

[failure] TLC encountered an error (823ms).
error: TLC error (see output above)
[FAIL]  exit 1
